=== F15B DUMP #1 21:44:07 reason=stall 46s wait=None pid=545 ===
  [    49.4s ago] AR numel=7736320 DONE
  [    49.4s ago] AR numel=7736320 DONE
  [    49.4s ago] AR numel=7736320 DONE
  [    49.2s ago] AR numel=7736320 DONE
  [    49.2s ago] AR numel=7736320 DONE
  [    49.2s ago] AR numel=7736320 DONE
  [    49.2s ago] AR numel=7736320 DONE
  [    49.1s ago] AR numel=7736320 DONE
  [    49.1s ago] AR numel=7736320 DONE
  [    49.1s ago] AR numel=7736320 DONE
  [    49.1s ago] AR numel=7736320 DONE
  [    48.9s ago] AR numel=7736320 DONE
  [    48.9s ago] AR numel=7736320 DONE
  [    48.9s ago] AR numel=7736320 DONE
  [    48.9s ago] AR numel=7736320 DONE
  [    48.9s ago] AR numel=7736320 DONE
  [    48.9s ago] AR numel=7736320 DONE
  [    48.9s ago] AR numel=7736320 DONE
  [    48.8s ago] AR numel=7736320 DONE
  [    48.6s ago] AR numel=7736320 DONE
  [    48.6s ago] AR numel=7736320 DONE
  [    48.6s ago] AR numel=7736320 DONE
  [    48.6s ago] AR numel=7736320 DONE
  [    48.6s ago] AR numel=7736320 DONE
  [    48.6s ago] AR numel=7736320 DONE
  [    48.6s ago] AR numel=7736320 DONE
  [    48.6s ago] AR numel=7736320 DONE
  [    48.3s ago] AR numel=7736320 DONE
  [    48.3s ago] AR numel=7736320 DONE
  [    48.3s ago] AR numel=7736320 DONE
  [    48.3s ago] AR numel=7736320 DONE
  [    48.3s ago] AR numel=7736320 DONE
  [    48.3s ago] AR numel=7736320 DONE
  [    48.3s ago] AR numel=7736320 DONE
  [    48.3s ago] AR numel=7736320 DONE
  [    48.0s ago] AR numel=7736320 DONE
  [    48.0s ago] AR numel=7736320 DONE
  [    48.0s ago] AR numel=7736320 DONE
  [    48.0s ago] AR numel=7736320 DONE
  [    48.0s ago] AR numel=7736320 DONE
  [    48.0s ago] AR numel=7736320 DONE
  [    48.0s ago] AR numel=7736320 DONE
  [    48.0s ago] AR numel=7736320 DONE
  [    47.7s ago] AR numel=7736320 DONE
  [    47.7s ago] AR numel=7736320 DONE
  [    47.7s ago] AR numel=7736320 DONE
  [    47.7s ago] AR numel=7736320 DONE
  [    47.7s ago] AR numel=7736320 DONE
  [    47.7s ago] AR numel=7736320 DONE
  [    47.7s ago] AR numel=7736320 DONE
  [    47.7s ago] AR numel=7736320 DONE
  [    47.4s ago] AR numel=7736320 DONE
  [    47.4s ago] AR numel=7736320 DONE
  [    47.4s ago] AR numel=7736320 DONE
  [    47.4s ago] AR numel=7736320 DONE
  [    47.4s ago] AR numel=7736320 DONE
  [    47.4s ago] AR numel=7736320 DONE
  [    47.4s ago] AR numel=7736320 DONE
  [    47.4s ago] AR numel=7736320 DONE
  [    47.1s ago] AR numel=7736320 DONE
  [    47.1s ago] AR numel=7736320 DONE
  [    47.1s ago] AR numel=7736320 DONE
  [    47.1s ago] AR numel=7736320 DONE
  [    47.1s ago] AR numel=7736320 DONE
  [    47.1s ago] AR numel=7736320 DONE
  [    47.1s ago] AR numel=7736320 DONE
  [    47.1s ago] AR numel=7736320 DONE
  [    46.8s ago] AR numel=7736320 DONE
  [    46.8s ago] AR numel=7736320 DONE
  [    46.8s ago] AR numel=7736320 DONE
  [    46.8s ago] AR numel=7736320 DONE
  [    46.8s ago] AR numel=7736320 DONE
  [    46.8s ago] AR numel=7736320 DONE
  [    46.8s ago] AR numel=7736320 DONE
  [    46.8s ago] AR numel=7736320 DONE
  [    46.8s ago] sample_tokens  
  [    46.8s ago] propose_begin  
  [    46.8s ago] AR numel=7736320 DONE
  [    46.8s ago] AR numel=7736320 PENDING
  [    46.8s ago] AR numel=7736320 PENDING
  [    46.8s ago] AR numel=25600 PENDING
  [    46.8s ago] AR numel=25600 PENDING
  [    46.8s ago] AR numel=25600 PENDING
  [    46.8s ago] AR numel=25600 PENDING
  [    46.8s ago] AR numel=25600 PENDING
  [    46.8s ago] AR numel=25600 PENDING
  [    46.8s ago] AR numel=25600 PENDING
  [    46.8s ago] AR numel=25600 PENDING
  [    46.8s ago] AR numel=25600 PENDING
  [    46.8s ago] propose_end  
  [    46.8s ago] propose_gpu_done  PENDING
  [    46.8s ago] execute_model  
  [    46.8s ago] input_prep_sync_enter  
  [    46.8s ago] input_prep_sync_done  
  [    46.8s ago] v55wait num_accepted_tokens_event (deferred postprocess) 
  [    46.7s ago] v55wait num_accepted_tokens_event (_update_states) 
=== F15B DUMP #2 21:44:53 reason=stall 46s wait=None pid=545 ===
  [    95.6s ago] AR numel=7736320 DONE
  [    95.6s ago] AR numel=7736320 DONE
  [    95.6s ago] AR numel=7736320 DONE
  [    95.3s ago] AR numel=7736320 DONE
  [    95.3s ago] AR numel=7736320 DONE
  [    95.3s ago] AR numel=7736320 DONE
  [    95.3s ago] AR numel=7736320 DONE
  [    95.3s ago] AR numel=7736320 DONE
  [    95.3s ago] AR numel=7736320 DONE
  [    95.3s ago] AR numel=7736320 DONE
  [    95.3s ago] AR numel=7736320 DONE
  [    95.0s ago] AR numel=7736320 DONE
  [    95.0s ago] AR numel=7736320 DONE
  [    95.0s ago] AR numel=7736320 DONE
  [    95.0s ago] AR numel=7736320 DONE
  [    95.0s ago] AR numel=7736320 DONE
  [    95.0s ago] AR numel=7736320 DONE
  [    95.0s ago] AR numel=7736320 DONE
  [    95.0s ago] AR numel=7736320 DONE
  [    94.7s ago] AR numel=7736320 DONE
  [    94.7s ago] AR numel=7736320 DONE
  [    94.7s ago] AR numel=7736320 DONE
  [    94.7s ago] AR numel=7736320 DONE
  [    94.7s ago] AR numel=7736320 DONE
  [    94.7s ago] AR numel=7736320 DONE
  [    94.7s ago] AR numel=7736320 DONE
  [    94.7s ago] AR numel=7736320 DONE
  [    94.4s ago] AR numel=7736320 DONE
  [    94.4s ago] AR numel=7736320 DONE
  [    94.4s ago] AR numel=7736320 DONE
  [    94.4s ago] AR numel=7736320 DONE
  [    94.4s ago] AR numel=7736320 DONE
  [    94.4s ago] AR numel=7736320 DONE
  [    94.4s ago] AR numel=7736320 DONE
  [    94.4s ago] AR numel=7736320 DONE
  [    94.1s ago] AR numel=7736320 DONE
  [    94.1s ago] AR numel=7736320 DONE
  [    94.1s ago] AR numel=7736320 DONE
  [    94.1s ago] AR numel=7736320 DONE
  [    94.1s ago] AR numel=7736320 DONE
  [    94.1s ago] AR numel=7736320 DONE
  [    94.1s ago] AR numel=7736320 DONE
  [    94.1s ago] AR numel=7736320 DONE
  [    93.9s ago] AR numel=7736320 DONE
  [    93.8s ago] AR numel=7736320 DONE
  [    93.8s ago] AR numel=7736320 DONE
  [    93.8s ago] AR numel=7736320 DONE
  [    93.8s ago] AR numel=7736320 DONE
  [    93.8s ago] AR numel=7736320 DONE
  [    93.8s ago] AR numel=7736320 DONE
  [    93.8s ago] AR numel=7736320 DONE
  [    93.6s ago] AR numel=7736320 DONE
  [    93.6s ago] AR numel=7736320 DONE
  [    93.5s ago] AR numel=7736320 DONE
  [    93.5s ago] AR numel=7736320 DONE
  [    93.5s ago] AR numel=7736320 DONE
  [    93.5s ago] AR numel=7736320 DONE
  [    93.5s ago] AR numel=7736320 DONE
  [    93.5s ago] AR numel=7736320 DONE
  [    93.3s ago] AR numel=7736320 DONE
  [    93.3s ago] AR numel=7736320 DONE
  [    93.3s ago] AR numel=7736320 DONE
  [    93.3s ago] AR numel=7736320 DONE
  [    93.2s ago] AR numel=7736320 DONE
  [    93.2s ago] AR numel=7736320 DONE
  [    93.2s ago] AR numel=7736320 DONE
  [    93.2s ago] AR numel=7736320 DONE
  [    93.0s ago] AR numel=7736320 DONE
  [    93.0s ago] AR numel=7736320 DONE
  [    93.0s ago] AR numel=7736320 DONE
  [    93.0s ago] AR numel=7736320 DONE
  [    92.9s ago] AR numel=7736320 DONE
  [    92.9s ago] AR numel=7736320 DONE
  [    92.9s ago] AR numel=7736320 DONE
  [    92.9s ago] AR numel=7736320 DONE
  [    92.9s ago] sample_tokens  
  [    92.9s ago] propose_begin  
  [    92.9s ago] AR numel=7736320 DONE
  [    92.9s ago] AR numel=7736320 PENDING
  [    92.9s ago] AR numel=7736320 PENDING
  [    92.9s ago] AR numel=25600 PENDING
  [    92.9s ago] AR numel=25600 PENDING
  [    92.9s ago] AR numel=25600 PENDING
  [    92.9s ago] AR numel=25600 PENDING
  [    92.9s ago] AR numel=25600 PENDING
  [    92.9s ago] AR numel=25600 PENDING
  [    92.9s ago] AR numel=25600 PENDING
  [    92.9s ago] AR numel=25600 PENDING
  [    92.9s ago] AR numel=25600 PENDING
  [    92.9s ago] propose_end  
  [    92.9s ago] propose_gpu_done  PENDING
  [    92.9s ago] execute_model  
  [    92.9s ago] input_prep_sync_enter  
  [    92.9s ago] input_prep_sync_done  
  [    92.9s ago] v55wait num_accepted_tokens_event (deferred postprocess) 
  [    92.9s ago] v55wait num_accepted_tokens_event (_update_states) 
=== F15B DUMP #3 21:45:40 reason=stall 46s wait=None pid=545 ===
  [   141.7s ago] AR numel=7736320 DONE
  [   141.7s ago] AR numel=7736320 DONE
  [   141.7s ago] AR numel=7736320 DONE
  [   141.4s ago] AR numel=7736320 DONE
  [   141.4s ago] AR numel=7736320 DONE
  [   141.4s ago] AR numel=7736320 DONE
  [   141.4s ago] AR numel=7736320 DONE
  [   141.4s ago] AR numel=7736320 DONE
  [   141.4s ago] AR numel=7736320 DONE
  [   141.4s ago] AR numel=7736320 DONE
  [   141.4s ago] AR numel=7736320 DONE
  [   141.2s ago] AR numel=7736320 DONE
  [   141.2s ago] AR numel=7736320 DONE
  [   141.1s ago] AR numel=7736320 DONE
  [   141.1s ago] AR numel=7736320 DONE
  [   141.1s ago] AR numel=7736320 DONE
  [   141.1s ago] AR numel=7736320 DONE
  [   141.1s ago] AR numel=7736320 DONE
  [   141.1s ago] AR numel=7736320 DONE
  [   140.9s ago] AR numel=7736320 DONE
  [   140.9s ago] AR numel=7736320 DONE
  [   140.8s ago] AR numel=7736320 DONE
  [   140.8s ago] AR numel=7736320 DONE
  [   140.8s ago] AR numel=7736320 DONE
  [   140.8s ago] AR numel=7736320 DONE
  [   140.8s ago] AR numel=7736320 DONE
  [   140.8s ago] AR numel=7736320 DONE
  [   140.6s ago] AR numel=7736320 DONE
  [   140.6s ago] AR numel=7736320 DONE
  [   140.6s ago] AR numel=7736320 DONE
  [   140.6s ago] AR numel=7736320 DONE
  [   140.5s ago] AR numel=7736320 DONE
  [   140.5s ago] AR numel=7736320 DONE
  [   140.5s ago] AR numel=7736320 DONE
  [   140.5s ago] AR numel=7736320 DONE
  [   140.3s ago] AR numel=7736320 DONE
  [   140.3s ago] AR numel=7736320 DONE
  [   140.3s ago] AR numel=7736320 DONE
  [   140.3s ago] AR numel=7736320 DONE
  [   140.2s ago] AR numel=7736320 DONE
  [   140.2s ago] AR numel=7736320 DONE
  [   140.2s ago] AR numel=7736320 DONE
  [   140.2s ago] AR numel=7736320 DONE
  [   140.0s ago] AR numel=7736320 DONE
  [   140.0s ago] AR numel=7736320 DONE
  [   140.0s ago] AR numel=7736320 DONE
  [   140.0s ago] AR numel=7736320 DONE
  [   140.0s ago] AR numel=7736320 DONE
  [   140.0s ago] AR numel=7736320 DONE
  [   140.0s ago] AR numel=7736320 DONE
  [   139.9s ago] AR numel=7736320 DONE
  [   139.7s ago] AR numel=7736320 DONE
  [   139.7s ago] AR numel=7736320 DONE
  [   139.7s ago] AR numel=7736320 DONE
  [   139.7s ago] AR numel=7736320 DONE
  [   139.7s ago] AR numel=7736320 DONE
  [   139.7s ago] AR numel=7736320 DONE
  [   139.7s ago] AR numel=7736320 DONE
  [   139.7s ago] AR numel=7736320 DONE
  [   139.4s ago] AR numel=7736320 DONE
  [   139.4s ago] AR numel=7736320 DONE
  [   139.4s ago] AR numel=7736320 DONE
  [   139.4s ago] AR numel=7736320 DONE
  [   139.4s ago] AR numel=7736320 DONE
  [   139.4s ago] AR numel=7736320 DONE
  [   139.4s ago] AR numel=7736320 DONE
  [   139.4s ago] AR numel=7736320 DONE
  [   139.1s ago] AR numel=7736320 DONE
  [   139.1s ago] AR numel=7736320 DONE
  [   139.1s ago] AR numel=7736320 DONE
  [   139.1s ago] AR numel=7736320 DONE
  [   139.1s ago] AR numel=7736320 DONE
  [   139.1s ago] AR numel=7736320 DONE
  [   139.1s ago] AR numel=7736320 DONE
  [   139.1s ago] AR numel=7736320 DONE
  [   139.1s ago] sample_tokens  
  [   139.1s ago] propose_begin  
  [   139.1s ago] AR numel=7736320 DONE
  [   139.1s ago] AR numel=7736320 PENDING
  [   139.1s ago] AR numel=7736320 PENDING
  [   139.1s ago] AR numel=25600 PENDING
  [   139.0s ago] AR numel=25600 PENDING
  [   139.0s ago] AR numel=25600 PENDING
  [   139.0s ago] AR numel=25600 PENDING
  [   139.0s ago] AR numel=25600 PENDING
  [   139.0s ago] AR numel=25600 PENDING
  [   139.0s ago] AR numel=25600 PENDING
  [   139.0s ago] AR numel=25600 PENDING
  [   139.0s ago] AR numel=25600 PENDING
  [   139.0s ago] propose_end  
  [   139.0s ago] propose_gpu_done  PENDING
  [   139.0s ago] execute_model  
  [   139.0s ago] input_prep_sync_enter  
  [   139.0s ago] input_prep_sync_done  
  [   139.0s ago] v55wait num_accepted_tokens_event (deferred postprocess) 
  [   139.0s ago] v55wait num_accepted_tokens_event (_update_states) 
=== F15B DUMP #4 21:46:26 reason=stall 46s wait=None pid=545 ===
  [   187.9s ago] AR numel=7736320 DONE
  [   187.9s ago] AR numel=7736320 DONE
  [   187.9s ago] AR numel=7736320 DONE
  [   187.6s ago] AR numel=7736320 DONE
  [   187.6s ago] AR numel=7736320 DONE
  [   187.6s ago] AR numel=7736320 DONE
  [   187.6s ago] AR numel=7736320 DONE
  [   187.6s ago] AR numel=7736320 DONE
  [   187.6s ago] AR numel=7736320 DONE
  [   187.6s ago] AR numel=7736320 DONE
  [   187.6s ago] AR numel=7736320 DONE
  [   187.3s ago] AR numel=7736320 DONE
  [   187.3s ago] AR numel=7736320 DONE
  [   187.3s ago] AR numel=7736320 DONE
  [   187.3s ago] AR numel=7736320 DONE
  [   187.3s ago] AR numel=7736320 DONE
  [   187.3s ago] AR numel=7736320 DONE
  [   187.3s ago] AR numel=7736320 DONE
  [   187.3s ago] AR numel=7736320 DONE
  [   187.0s ago] AR numel=7736320 DONE
  [   187.0s ago] AR numel=7736320 DONE
  [   187.0s ago] AR numel=7736320 DONE
  [   187.0s ago] AR numel=7736320 DONE
  [   187.0s ago] AR numel=7736320 DONE
  [   187.0s ago] AR numel=7736320 DONE
  [   187.0s ago] AR numel=7736320 DONE
  [   187.0s ago] AR numel=7736320 DONE
  [   186.7s ago] AR numel=7736320 DONE
  [   186.7s ago] AR numel=7736320 DONE
  [   186.7s ago] AR numel=7736320 DONE
  [   186.7s ago] AR numel=7736320 DONE
  [   186.7s ago] AR numel=7736320 DONE
  [   186.7s ago] AR numel=7736320 DONE
  [   186.7s ago] AR numel=7736320 DONE
  [   186.7s ago] AR numel=7736320 DONE
  [   186.4s ago] AR numel=7736320 DONE
  [   186.4s ago] AR numel=7736320 DONE
  [   186.4s ago] AR numel=7736320 DONE
  [   186.4s ago] AR numel=7736320 DONE
  [   186.4s ago] AR numel=7736320 DONE
  [   186.4s ago] AR numel=7736320 DONE
  [   186.4s ago] AR numel=7736320 DONE
  [   186.4s ago] AR numel=7736320 DONE
  [   186.1s ago] AR numel=7736320 DONE
  [   186.1s ago] AR numel=7736320 DONE
  [   186.1s ago] AR numel=7736320 DONE
  [   186.1s ago] AR numel=7736320 DONE
  [   186.1s ago] AR numel=7736320 DONE
  [   186.1s ago] AR numel=7736320 DONE
  [   186.1s ago] AR numel=7736320 DONE
  [   186.1s ago] AR numel=7736320 DONE
  [   185.8s ago] AR numel=7736320 DONE
  [   185.8s ago] AR numel=7736320 DONE
  [   185.8s ago] AR numel=7736320 DONE
  [   185.8s ago] AR numel=7736320 DONE
  [   185.8s ago] AR numel=7736320 DONE
  [   185.8s ago] AR numel=7736320 DONE
  [   185.8s ago] AR numel=7736320 DONE
  [   185.8s ago] AR numel=7736320 DONE
  [   185.6s ago] AR numel=7736320 DONE
  [   185.6s ago] AR numel=7736320 DONE
  [   185.5s ago] AR numel=7736320 DONE
  [   185.5s ago] AR numel=7736320 DONE
  [   185.5s ago] AR numel=7736320 DONE
  [   185.5s ago] AR numel=7736320 DONE
  [   185.5s ago] AR numel=7736320 DONE
  [   185.5s ago] AR numel=7736320 DONE
  [   185.3s ago] AR numel=7736320 DONE
  [   185.3s ago] AR numel=7736320 DONE
  [   185.2s ago] AR numel=7736320 DONE
  [   185.2s ago] AR numel=7736320 DONE
  [   185.2s ago] AR numel=7736320 DONE
  [   185.2s ago] AR numel=7736320 DONE
  [   185.2s ago] AR numel=7736320 DONE
  [   185.2s ago] AR numel=7736320 DONE
  [   185.2s ago] sample_tokens  
  [   185.2s ago] propose_begin  
  [   185.2s ago] AR numel=7736320 DONE
  [   185.2s ago] AR numel=7736320 PENDING
  [   185.2s ago] AR numel=7736320 PENDING
  [   185.2s ago] AR numel=25600 PENDING
  [   185.2s ago] AR numel=25600 PENDING
  [   185.2s ago] AR numel=25600 PENDING
  [   185.2s ago] AR numel=25600 PENDING
  [   185.2s ago] AR numel=25600 PENDING
  [   185.2s ago] AR numel=25600 PENDING
  [   185.2s ago] AR numel=25600 PENDING
  [   185.2s ago] AR numel=25600 PENDING
  [   185.2s ago] AR numel=25600 PENDING
  [   185.2s ago] propose_end  
  [   185.2s ago] propose_gpu_done  PENDING
  [   185.2s ago] execute_model  
  [   185.2s ago] input_prep_sync_enter  
  [   185.2s ago] input_prep_sync_done  
  [   185.2s ago] v55wait num_accepted_tokens_event (deferred postprocess) 
  [   185.2s ago] v55wait num_accepted_tokens_event (_update_states) 
=== F15B DUMP #5 21:47:12 reason=stall 46s wait=None pid=545 ===
  [   234.0s ago] AR numel=7736320 DONE
  [   234.0s ago] AR numel=7736320 DONE
  [   234.0s ago] AR numel=7736320 DONE
  [   233.7s ago] AR numel=7736320 DONE
  [   233.7s ago] AR numel=7736320 DONE
  [   233.7s ago] AR numel=7736320 DONE
  [   233.7s ago] AR numel=7736320 DONE
  [   233.7s ago] AR numel=7736320 DONE
  [   233.7s ago] AR numel=7736320 DONE
  [   233.7s ago] AR numel=7736320 DONE
  [   233.7s ago] AR numel=7736320 DONE
  [   233.5s ago] AR numel=7736320 DONE
  [   233.5s ago] AR numel=7736320 DONE
  [   233.4s ago] AR numel=7736320 DONE
  [   233.4s ago] AR numel=7736320 DONE
  [   233.4s ago] AR numel=7736320 DONE
  [   233.4s ago] AR numel=7736320 DONE
  [   233.4s ago] AR numel=7736320 DONE
  [   233.4s ago] AR numel=7736320 DONE
  [   233.2s ago] AR numel=7736320 DONE
  [   233.2s ago] AR numel=7736320 DONE
  [   233.2s ago] AR numel=7736320 DONE
  [   233.2s ago] AR numel=7736320 DONE
  [   233.1s ago] AR numel=7736320 DONE
  [   233.1s ago] AR numel=7736320 DONE
  [   233.1s ago] AR numel=7736320 DONE
  [   233.1s ago] AR numel=7736320 DONE
  [   232.9s ago] AR numel=7736320 DONE
  [   232.9s ago] AR numel=7736320 DONE
  [   232.9s ago] AR numel=7736320 DONE
  [   232.9s ago] AR numel=7736320 DONE
  [   232.8s ago] AR numel=7736320 DONE
  [   232.8s ago] AR numel=7736320 DONE
  [   232.8s ago] AR numel=7736320 DONE
  [   232.8s ago] AR numel=7736320 DONE
  [   232.6s ago] AR numel=7736320 DONE
  [   232.6s ago] AR numel=7736320 DONE
  [   232.6s ago] AR numel=7736320 DONE
  [   232.6s ago] AR numel=7736320 DONE
  [   232.6s ago] AR numel=7736320 DONE
  [   232.6s ago] AR numel=7736320 DONE
  [   232.5s ago] AR numel=7736320 DONE
  [   232.5s ago] AR numel=7736320 DONE
  [   232.3s ago] AR numel=7736320 DONE
  [   232.3s ago] AR numel=7736320 DONE
  [   232.3s ago] AR numel=7736320 DONE
  [   232.3s ago] AR numel=7736320 DONE
  [   232.3s ago] AR numel=7736320 DONE
  [   232.3s ago] AR numel=7736320 DONE
  [   232.3s ago] AR numel=7736320 DONE
  [   232.3s ago] AR numel=7736320 DONE
  [   232.0s ago] AR numel=7736320 DONE
  [   232.0s ago] AR numel=7736320 DONE
  [   232.0s ago] AR numel=7736320 DONE
  [   232.0s ago] AR numel=7736320 DONE
  [   232.0s ago] AR numel=7736320 DONE
  [   232.0s ago] AR numel=7736320 DONE
  [   232.0s ago] AR numel=7736320 DONE
  [   232.0s ago] AR numel=7736320 DONE
  [   231.7s ago] AR numel=7736320 DONE
  [   231.7s ago] AR numel=7736320 DONE
  [   231.7s ago] AR numel=7736320 DONE
  [   231.7s ago] AR numel=7736320 DONE
  [   231.7s ago] AR numel=7736320 DONE
  [   231.7s ago] AR numel=7736320 DONE
  [   231.7s ago] AR numel=7736320 DONE
  [   231.7s ago] AR numel=7736320 DONE
  [   231.4s ago] AR numel=7736320 DONE
  [   231.4s ago] AR numel=7736320 DONE
  [   231.4s ago] AR numel=7736320 DONE
  [   231.4s ago] AR numel=7736320 DONE
  [   231.4s ago] AR numel=7736320 DONE
  [   231.4s ago] AR numel=7736320 DONE
  [   231.4s ago] AR numel=7736320 DONE
  [   231.4s ago] AR numel=7736320 DONE
  [   231.4s ago] sample_tokens  
  [   231.4s ago] propose_begin  
  [   231.4s ago] AR numel=7736320 DONE
  [   231.4s ago] AR numel=7736320 PENDING
  [   231.4s ago] AR numel=7736320 PENDING
  [   231.4s ago] AR numel=25600 PENDING
  [   231.4s ago] AR numel=25600 PENDING
  [   231.4s ago] AR numel=25600 PENDING
  [   231.4s ago] AR numel=25600 PENDING
  [   231.3s ago] AR numel=25600 PENDING
  [   231.3s ago] AR numel=25600 PENDING
  [   231.3s ago] AR numel=25600 PENDING
  [   231.3s ago] AR numel=25600 PENDING
  [   231.3s ago] AR numel=25600 PENDING
  [   231.3s ago] propose_end  
  [   231.3s ago] propose_gpu_done  PENDING
  [   231.3s ago] execute_model  
  [   231.3s ago] input_prep_sync_enter  
  [   231.3s ago] input_prep_sync_done  
  [   231.3s ago] v55wait num_accepted_tokens_event (deferred postprocess) 
  [   231.3s ago] v55wait num_accepted_tokens_event (_update_states) 
