=== dump #1 ===
Dump device statistics data.

Usage: xpu-smi dump [Options]
  xpu-smi dump -d [deviceIds] -t [deviceTileIds] -m [metricsIds] -i [timeInterval] -n [dumpTimes]
  xpu-smi dump -d [pciBdfAddress] -t [deviceTileIds] -m [metricsIds] -i [timeInterval] -n [dumpTimes]

Options:
  -h,--help                   Print this help message and exit
  -j,--json                   Print result in JSON format
                              
  -d,--device                 The device IDs or PCI BDF addresses to query. The value of "-1" means all devices.
  -t,--tile                   The device tile IDs to query. If the device has only one tile, this parameter should not be specified.
  -m,--metrics                Metrics type to collect raw data, options. Separated by the comma.
                              0. Average % utilization of all GPU Engines, GPU active time of the elapsed time, per tile or device. Device-level is the average value of tiles for multi-tiles.
                              1. GPU Power (W), per tile or device.
                              2. GPU Frequency (MHz), per tile or device. Device-level is the average value of tiles for multi-tiles.
                              3. GPU Core Temperature (Celsius Degree), per tile or device. Device-level is the average value of tiles for multi-tiles.
                              4. GPU Memory Temperature (Celsius Degree), per tile or device. Device-level is the average value of tiles for multi-tiles.
                              5. GPU Memory Utilization (%), per tile or device. Device-level is the average value of tiles for multi-tiles.
                              6. GPU Memory Read (kB/s), per tile or device. Device-level is the sum value of tiles for multi-tiles.
                              7. GPU Memory Write (kB/s), per tile or device. Device-level is the sum value of tiles for multi-tiles.
                              8. GPU Energy Consumed (J), per tile or device.
                              9. GPU EU Array Active (%), the normalized sum of all cycles on all EUs that were spent actively executing instructions. Per tile or device. Device-level is the average value of tiles for multi-tiles.
                              10. GPU EU Array Stall (%), the normalized sum of all cycles on all EUs during which the EUs were stalled.
                                  At least one thread is loaded, but the EU is stalled. Per tile or device. Device-level is the average value of tiles for multi-tiles.
                              11. GPU EU Array Idle (%), the normalized sum of all cycles on all cores when no threads were scheduled on a core. Per tile or device. Device-level is the average value of tiles for multi-tiles.
                              12. Reset Counter, per tile or device. Device-level is the sum value of tiles for multi-tiles.
                              13. Programming Errors, per tile or device. Device-level is the sum value of tiles for multi-tiles.
                              14. Driver Errors, per tile or device. Device-level is the sum value of tiles for multi-tiles.
                              15. Cache Errors Correctable, per tile or device. Device-level is the sum value of tiles for multi-tiles.
                              16. Cache Errors Uncorrectable, per tile or device. Device-level is the sum value of tiles for multi-tiles.
                              17. GPU Memory Bandwidth Utilization (%), per tile or device. Device-level is the average value of tiles for multi-tiles.
                              18. GPU Memory Used (MiB), per tile or device. Device-level is the sum value of tiles for multi-tiles.
                              19. PCIe Read (kB/s), per device.
                              20. PCIe Write (kB/s), per device.
                              21. Xe Link Throughput (kB/s), a list of tile-to-tile Xe Link throughput.
                              22. Compute engine utilizations (%), per tile.
                              23. Render engine utilizations (%), per tile.
                              24. Media decoder engine utilizations (%), per tile.
                              25. Media encoder engine utilizations (%), per tile.
                              26. Copy engine utilizations (%), per tile.
                              27. Media enhancement engine utilizations (%), per tile.
                              28. 3D engine utilizations (%), per tile.
                              29. GPU Memory Errors Correctable, per tile or device. Other non-compute correctable errors are also included. Device-level is the sum value of tiles for multi-tiles.
                              30. GPU Memory Errors Uncorrectable, per tile or device. Other non-compute uncorrectable errors are also included. Device-level is the sum value of tiles for multi-tiles.
                              31. Compute engine group utilization (%), per tile or device. Device-level is the average value of tiles for multi-tiles.
                              32. Render engine group utilization (%), per tile or device. Device-level is the average value of tiles for multi-tiles.
                              33. Media engine group utilization (%), per tile or device. Device-level is the average value of tiles for multi-tiles.
                              34. Copy engine group utilization (%), per tile or device. Device-level is the average value of tiles for multi-tiles.
                              35. Throttle reason, per tile.
                              36. Media Engine Frequency (MHz), per tile or device. Device-level is the average value of tiles for multi-tiles.
                              
  -i                          The interval (in seconds) to dump the device statistics to screen. Default value: 1 second.
  -n                          Number of the device statistics dump to screen. The dump will never be ended if this parameter is not specified.
                              
  --file                      Dump the raw statistics to the file.
  --ims                       The interval (in milliseconds) to dump the device statistics to file for high-frequency monitoring.
                              The recommended metrics types for high-frequency sampling: GPU power, GPU frequency, GPU utilization,
                              GPU temperature, GPU memory read/write/bandwidth, GPU PCIe read/write, GPU engine utilizations, Xe Link throughput.
  --time                      Dump total time in seconds.
  --date                      Show date in timestamp.


=== dump #1 ===
Dump device statistics data.

Usage: xpu-smi dump [Options]
  xpu-smi dump -d [deviceIds] -t [deviceTileIds] -m [metricsIds] -i [timeInterval] -n [dumpTimes]
  xpu-smi dump -d [pciBdfAddress] -t [deviceTileIds] -m [metricsIds] -i [timeInterval] -n [dumpTimes]

Options:
  -h,--help                   Print this help message and exit
  -j,--json                   Print result in JSON format
                              
  -d,--device                 The device IDs or PCI BDF addresses to query. The value of "-1" means all devices.
  -t,--tile                   The device tile IDs to query. If the device has only one tile, this parameter should not be specified.
  -m,--metrics                Metrics type to collect raw data, options. Separated by the comma.
                              0. Average % utilization of all GPU Engines, GPU active time of the elapsed time, per tile or device. Device-level is the average value of tiles for multi-tiles.
                              1. GPU Power (W), per tile or device.
                              2. GPU Frequency (MHz), per tile or device. Device-level is the average value of tiles for multi-tiles.
                              3. GPU Core Temperature (Celsius Degree), per tile or device. Device-level is the average value of tiles for multi-tiles.
                              4. GPU Memory Temperature (Celsius Degree), per tile or device. Device-level is the average value of tiles for multi-tiles.
                              5. GPU Memory Utilization (%), per tile or device. Device-level is the average value of tiles for multi-tiles.
                              6. GPU Memory Read (kB/s), per tile or device. Device-level is the sum value of tiles for multi-tiles.
                              7. GPU Memory Write (kB/s), per tile or device. Device-level is the sum value of tiles for multi-tiles.
                              8. GPU Energy Consumed (J), per tile or device.
                              9. GPU EU Array Active (%), the normalized sum of all cycles on all EUs that were spent actively executing instructions. Per tile or device. Device-level is the average value of tiles for multi-tiles.
                              10. GPU EU Array Stall (%), the normalized sum of all cycles on all EUs during which the EUs were stalled.
                                  At least one thread is loaded, but the EU is stalled. Per tile or device. Device-level is the average value of tiles for multi-tiles.
                              11. GPU EU Array Idle (%), the normalized sum of all cycles on all cores when no threads were scheduled on a core. Per tile or device. Device-level is the average value of tiles for multi-tiles.
                              12. Reset Counter, per tile or device. Device-level is the sum value of tiles for multi-tiles.
                              13. Programming Errors, per tile or device. Device-level is the sum value of tiles for multi-tiles.
                              14. Driver Errors, per tile or device. Device-level is the sum value of tiles for multi-tiles.
                              15. Cache Errors Correctable, per tile or device. Device-level is the sum value of tiles for multi-tiles.
                              16. Cache Errors Uncorrectable, per tile or device. Device-level is the sum value of tiles for multi-tiles.
                              17. GPU Memory Bandwidth Utilization (%), per tile or device. Device-level is the average value of tiles for multi-tiles.
                              18. GPU Memory Used (MiB), per tile or device. Device-level is the sum value of tiles for multi-tiles.
                              19. PCIe Read (kB/s), per device.
                              20. PCIe Write (kB/s), per device.
                              21. Xe Link Throughput (kB/s), a list of tile-to-tile Xe Link throughput.
                              22. Compute engine utilizations (%), per tile.
                              23. Render engine utilizations (%), per tile.
                              24. Media decoder engine utilizations (%), per tile.
                              25. Media encoder engine utilizations (%), per tile.
                              26. Copy engine utilizations (%), per tile.
                              27. Media enhancement engine utilizations (%), per tile.
                              28. 3D engine utilizations (%), per tile.
                              29. GPU Memory Errors Correctable, per tile or device. Other non-compute correctable errors are also included. Device-level is the sum value of tiles for multi-tiles.
                              30. GPU Memory Errors Uncorrectable, per tile or device. Other non-compute uncorrectable errors are also included. Device-level is the sum value of tiles for multi-tiles.
                              31. Compute engine group utilization (%), per tile or device. Device-level is the average value of tiles for multi-tiles.
                              32. Render engine group utilization (%), per tile or device. Device-level is the average value of tiles for multi-tiles.
                              33. Media engine group utilization (%), per tile or device. Device-level is the average value of tiles for multi-tiles.
                              34. Copy engine group utilization (%), per tile or device. Device-level is the average value of tiles for multi-tiles.
                              35. Throttle reason, per tile.
                              36. Media Engine Frequency (MHz), per tile or device. Device-level is the average value of tiles for multi-tiles.
                              
  -i                          The interval (in seconds) to dump the device statistics to screen. Default value: 1 second.
  -n                          Number of the device statistics dump to screen. The dump will never be ended if this parameter is not specified.
                              
  --file                      Dump the raw statistics to the file.
  --ims                       The interval (in milliseconds) to dump the device statistics to file for high-frequency monitoring.
                              The recommended metrics types for high-frequency sampling: GPU power, GPU frequency, GPU utilization,
                              GPU temperature, GPU memory read/write/bandwidth, GPU PCIe read/write, GPU engine utilizations, Xe Link throughput.
  --time                      Dump total time in seconds.
  --date                      Show date in timestamp.


=== dump #2 ===
Dump device statistics data.

Usage: xpu-smi dump [Options]
  xpu-smi dump -d [deviceIds] -t [deviceTileIds] -m [metricsIds] -i [timeInterval] -n [dumpTimes]
  xpu-smi dump -d [pciBdfAddress] -t [deviceTileIds] -m [metricsIds] -i [timeInterval] -n [dumpTimes]

Options:
  -h,--help                   Print this help message and exit
  -j,--json                   Print result in JSON format
                              
  -d,--device                 The device IDs or PCI BDF addresses to query. The value of "-1" means all devices.
  -t,--tile                   The device tile IDs to query. If the device has only one tile, this parameter should not be specified.
  -m,--metrics                Metrics type to collect raw data, options. Separated by the comma.
                              0. Average % utilization of all GPU Engines, GPU active time of the elapsed time, per tile or device. Device-level is the average value of tiles for multi-tiles.
                              1. GPU Power (W), per tile or device.
                              2. GPU Frequency (MHz), per tile or device. Device-level is the average value of tiles for multi-tiles.
                              3. GPU Core Temperature (Celsius Degree), per tile or device. Device-level is the average value of tiles for multi-tiles.
                              4. GPU Memory Temperature (Celsius Degree), per tile or device. Device-level is the average value of tiles for multi-tiles.
                              5. GPU Memory Utilization (%), per tile or device. Device-level is the average value of tiles for multi-tiles.
                              6. GPU Memory Read (kB/s), per tile or device. Device-level is the sum value of tiles for multi-tiles.
                              7. GPU Memory Write (kB/s), per tile or device. Device-level is the sum value of tiles for multi-tiles.
                              8. GPU Energy Consumed (J), per tile or device.
                              9. GPU EU Array Active (%), the normalized sum of all cycles on all EUs that were spent actively executing instructions. Per tile or device. Device-level is the average value of tiles for multi-tiles.
                              10. GPU EU Array Stall (%), the normalized sum of all cycles on all EUs during which the EUs were stalled.
                                  At least one thread is loaded, but the EU is stalled. Per tile or device. Device-level is the average value of tiles for multi-tiles.
                              11. GPU EU Array Idle (%), the normalized sum of all cycles on all cores when no threads were scheduled on a core. Per tile or device. Device-level is the average value of tiles for multi-tiles.
                              12. Reset Counter, per tile or device. Device-level is the sum value of tiles for multi-tiles.
                              13. Programming Errors, per tile or device. Device-level is the sum value of tiles for multi-tiles.
                              14. Driver Errors, per tile or device. Device-level is the sum value of tiles for multi-tiles.
                              15. Cache Errors Correctable, per tile or device. Device-level is the sum value of tiles for multi-tiles.
                              16. Cache Errors Uncorrectable, per tile or device. Device-level is the sum value of tiles for multi-tiles.
                              17. GPU Memory Bandwidth Utilization (%), per tile or device. Device-level is the average value of tiles for multi-tiles.
                              18. GPU Memory Used (MiB), per tile or device. Device-level is the sum value of tiles for multi-tiles.
                              19. PCIe Read (kB/s), per device.
                              20. PCIe Write (kB/s), per device.
                              21. Xe Link Throughput (kB/s), a list of tile-to-tile Xe Link throughput.
                              22. Compute engine utilizations (%), per tile.
                              23. Render engine utilizations (%), per tile.
                              24. Media decoder engine utilizations (%), per tile.
                              25. Media encoder engine utilizations (%), per tile.
                              26. Copy engine utilizations (%), per tile.
                              27. Media enhancement engine utilizations (%), per tile.
                              28. 3D engine utilizations (%), per tile.
                              29. GPU Memory Errors Correctable, per tile or device. Other non-compute correctable errors are also included. Device-level is the sum value of tiles for multi-tiles.
                              30. GPU Memory Errors Uncorrectable, per tile or device. Other non-compute uncorrectable errors are also included. Device-level is the sum value of tiles for multi-tiles.
                              31. Compute engine group utilization (%), per tile or device. Device-level is the average value of tiles for multi-tiles.
                              32. Render engine group utilization (%), per tile or device. Device-level is the average value of tiles for multi-tiles.
                              33. Media engine group utilization (%), per tile or device. Device-level is the average value of tiles for multi-tiles.
                              34. Copy engine group utilization (%), per tile or device. Device-level is the average value of tiles for multi-tiles.
                              35. Throttle reason, per tile.
                              36. Media Engine Frequency (MHz), per tile or device. Device-level is the average value of tiles for multi-tiles.
                              
  -i                          The interval (in seconds) to dump the device statistics to screen. Default value: 1 second.
  -n                          Number of the device statistics dump to screen. The dump will never be ended if this parameter is not specified.
                              
  --file                      Dump the raw statistics to the file.
  --ims                       The interval (in milliseconds) to dump the device statistics to file for high-frequency monitoring.
                              The recommended metrics types for high-frequency sampling: GPU power, GPU frequency, GPU utilization,
                              GPU temperature, GPU memory read/write/bandwidth, GPU PCIe read/write, GPU engine utilizations, Xe Link throughput.
  --time                      Dump total time in seconds.
  --date                      Show date in timestamp.


=== dump #2 ===
Dump device statistics data.

Usage: xpu-smi dump [Options]
  xpu-smi dump -d [deviceIds] -t [deviceTileIds] -m [metricsIds] -i [timeInterval] -n [dumpTimes]
  xpu-smi dump -d [pciBdfAddress] -t [deviceTileIds] -m [metricsIds] -i [timeInterval] -n [dumpTimes]

Options:
  -h,--help                   Print this help message and exit
  -j,--json                   Print result in JSON format
                              
  -d,--device                 The device IDs or PCI BDF addresses to query. The value of "-1" means all devices.
  -t,--tile                   The device tile IDs to query. If the device has only one tile, this parameter should not be specified.
  -m,--metrics                Metrics type to collect raw data, options. Separated by the comma.
                              0. Average % utilization of all GPU Engines, GPU active time of the elapsed time, per tile or device. Device-level is the average value of tiles for multi-tiles.
                              1. GPU Power (W), per tile or device.
                              2. GPU Frequency (MHz), per tile or device. Device-level is the average value of tiles for multi-tiles.
                              3. GPU Core Temperature (Celsius Degree), per tile or device. Device-level is the average value of tiles for multi-tiles.
                              4. GPU Memory Temperature (Celsius Degree), per tile or device. Device-level is the average value of tiles for multi-tiles.
                              5. GPU Memory Utilization (%), per tile or device. Device-level is the average value of tiles for multi-tiles.
                              6. GPU Memory Read (kB/s), per tile or device. Device-level is the sum value of tiles for multi-tiles.
                              7. GPU Memory Write (kB/s), per tile or device. Device-level is the sum value of tiles for multi-tiles.
                              8. GPU Energy Consumed (J), per tile or device.
                              9. GPU EU Array Active (%), the normalized sum of all cycles on all EUs that were spent actively executing instructions. Per tile or device. Device-level is the average value of tiles for multi-tiles.
                              10. GPU EU Array Stall (%), the normalized sum of all cycles on all EUs during which the EUs were stalled.
                                  At least one thread is loaded, but the EU is stalled. Per tile or device. Device-level is the average value of tiles for multi-tiles.
                              11. GPU EU Array Idle (%), the normalized sum of all cycles on all cores when no threads were scheduled on a core. Per tile or device. Device-level is the average value of tiles for multi-tiles.
                              12. Reset Counter, per tile or device. Device-level is the sum value of tiles for multi-tiles.
                              13. Programming Errors, per tile or device. Device-level is the sum value of tiles for multi-tiles.
                              14. Driver Errors, per tile or device. Device-level is the sum value of tiles for multi-tiles.
                              15. Cache Errors Correctable, per tile or device. Device-level is the sum value of tiles for multi-tiles.
                              16. Cache Errors Uncorrectable, per tile or device. Device-level is the sum value of tiles for multi-tiles.
                              17. GPU Memory Bandwidth Utilization (%), per tile or device. Device-level is the average value of tiles for multi-tiles.
                              18. GPU Memory Used (MiB), per tile or device. Device-level is the sum value of tiles for multi-tiles.
                              19. PCIe Read (kB/s), per device.
                              20. PCIe Write (kB/s), per device.
                              21. Xe Link Throughput (kB/s), a list of tile-to-tile Xe Link throughput.
                              22. Compute engine utilizations (%), per tile.
                              23. Render engine utilizations (%), per tile.
                              24. Media decoder engine utilizations (%), per tile.
                              25. Media encoder engine utilizations (%), per tile.
                              26. Copy engine utilizations (%), per tile.
                              27. Media enhancement engine utilizations (%), per tile.
                              28. 3D engine utilizations (%), per tile.
                              29. GPU Memory Errors Correctable, per tile or device. Other non-compute correctable errors are also included. Device-level is the sum value of tiles for multi-tiles.
                              30. GPU Memory Errors Uncorrectable, per tile or device. Other non-compute uncorrectable errors are also included. Device-level is the sum value of tiles for multi-tiles.
                              31. Compute engine group utilization (%), per tile or device. Device-level is the average value of tiles for multi-tiles.
                              32. Render engine group utilization (%), per tile or device. Device-level is the average value of tiles for multi-tiles.
                              33. Media engine group utilization (%), per tile or device. Device-level is the average value of tiles for multi-tiles.
                              34. Copy engine group utilization (%), per tile or device. Device-level is the average value of tiles for multi-tiles.
                              35. Throttle reason, per tile.
                              36. Media Engine Frequency (MHz), per tile or device. Device-level is the average value of tiles for multi-tiles.
                              
  -i                          The interval (in seconds) to dump the device statistics to screen. Default value: 1 second.
  -n                          Number of the device statistics dump to screen. The dump will never be ended if this parameter is not specified.
                              
  --file                      Dump the raw statistics to the file.
  --ims                       The interval (in milliseconds) to dump the device statistics to file for high-frequency monitoring.
                              The recommended metrics types for high-frequency sampling: GPU power, GPU frequency, GPU utilization,
                              GPU temperature, GPU memory read/write/bandwidth, GPU PCIe read/write, GPU engine utilizations, Xe Link throughput.
  --time                      Dump total time in seconds.
  --date                      Show date in timestamp.


=== dump #3 ===
Dump device statistics data.

Usage: xpu-smi dump [Options]
  xpu-smi dump -d [deviceIds] -t [deviceTileIds] -m [metricsIds] -i [timeInterval] -n [dumpTimes]
  xpu-smi dump -d [pciBdfAddress] -t [deviceTileIds] -m [metricsIds] -i [timeInterval] -n [dumpTimes]

Options:
  -h,--help                   Print this help message and exit
  -j,--json                   Print result in JSON format
                              
  -d,--device                 The device IDs or PCI BDF addresses to query. The value of "-1" means all devices.
  -t,--tile                   The device tile IDs to query. If the device has only one tile, this parameter should not be specified.
  -m,--metrics                Metrics type to collect raw data, options. Separated by the comma.
                              0. Average % utilization of all GPU Engines, GPU active time of the elapsed time, per tile or device. Device-level is the average value of tiles for multi-tiles.
                              1. GPU Power (W), per tile or device.
                              2. GPU Frequency (MHz), per tile or device. Device-level is the average value of tiles for multi-tiles.
                              3. GPU Core Temperature (Celsius Degree), per tile or device. Device-level is the average value of tiles for multi-tiles.
                              4. GPU Memory Temperature (Celsius Degree), per tile or device. Device-level is the average value of tiles for multi-tiles.
                              5. GPU Memory Utilization (%), per tile or device. Device-level is the average value of tiles for multi-tiles.
                              6. GPU Memory Read (kB/s), per tile or device. Device-level is the sum value of tiles for multi-tiles.
                              7. GPU Memory Write (kB/s), per tile or device. Device-level is the sum value of tiles for multi-tiles.
                              8. GPU Energy Consumed (J), per tile or device.
                              9. GPU EU Array Active (%), the normalized sum of all cycles on all EUs that were spent actively executing instructions. Per tile or device. Device-level is the average value of tiles for multi-tiles.
                              10. GPU EU Array Stall (%), the normalized sum of all cycles on all EUs during which the EUs were stalled.
                                  At least one thread is loaded, but the EU is stalled. Per tile or device. Device-level is the average value of tiles for multi-tiles.
                              11. GPU EU Array Idle (%), the normalized sum of all cycles on all cores when no threads were scheduled on a core. Per tile or device. Device-level is the average value of tiles for multi-tiles.
                              12. Reset Counter, per tile or device. Device-level is the sum value of tiles for multi-tiles.
                              13. Programming Errors, per tile or device. Device-level is the sum value of tiles for multi-tiles.
                              14. Driver Errors, per tile or device. Device-level is the sum value of tiles for multi-tiles.
                              15. Cache Errors Correctable, per tile or device. Device-level is the sum value of tiles for multi-tiles.
                              16. Cache Errors Uncorrectable, per tile or device. Device-level is the sum value of tiles for multi-tiles.
                              17. GPU Memory Bandwidth Utilization (%), per tile or device. Device-level is the average value of tiles for multi-tiles.
                              18. GPU Memory Used (MiB), per tile or device. Device-level is the sum value of tiles for multi-tiles.
                              19. PCIe Read (kB/s), per device.
                              20. PCIe Write (kB/s), per device.
                              21. Xe Link Throughput (kB/s), a list of tile-to-tile Xe Link throughput.
                              22. Compute engine utilizations (%), per tile.
                              23. Render engine utilizations (%), per tile.
                              24. Media decoder engine utilizations (%), per tile.
                              25. Media encoder engine utilizations (%), per tile.
                              26. Copy engine utilizations (%), per tile.
                              27. Media enhancement engine utilizations (%), per tile.
                              28. 3D engine utilizations (%), per tile.
                              29. GPU Memory Errors Correctable, per tile or device. Other non-compute correctable errors are also included. Device-level is the sum value of tiles for multi-tiles.
                              30. GPU Memory Errors Uncorrectable, per tile or device. Other non-compute uncorrectable errors are also included. Device-level is the sum value of tiles for multi-tiles.
                              31. Compute engine group utilization (%), per tile or device. Device-level is the average value of tiles for multi-tiles.
                              32. Render engine group utilization (%), per tile or device. Device-level is the average value of tiles for multi-tiles.
                              33. Media engine group utilization (%), per tile or device. Device-level is the average value of tiles for multi-tiles.
                              34. Copy engine group utilization (%), per tile or device. Device-level is the average value of tiles for multi-tiles.
                              35. Throttle reason, per tile.
                              36. Media Engine Frequency (MHz), per tile or device. Device-level is the average value of tiles for multi-tiles.
                              
  -i                          The interval (in seconds) to dump the device statistics to screen. Default value: 1 second.
  -n                          Number of the device statistics dump to screen. The dump will never be ended if this parameter is not specified.
                              
  --file                      Dump the raw statistics to the file.
  --ims                       The interval (in milliseconds) to dump the device statistics to file for high-frequency monitoring.
                              The recommended metrics types for high-frequency sampling: GPU power, GPU frequency, GPU utilization,
                              GPU temperature, GPU memory read/write/bandwidth, GPU PCIe read/write, GPU engine utilizations, Xe Link throughput.
  --time                      Dump total time in seconds.
  --date                      Show date in timestamp.


=== dump #3 ===
Dump device statistics data.

Usage: xpu-smi dump [Options]
  xpu-smi dump -d [deviceIds] -t [deviceTileIds] -m [metricsIds] -i [timeInterval] -n [dumpTimes]
  xpu-smi dump -d [pciBdfAddress] -t [deviceTileIds] -m [metricsIds] -i [timeInterval] -n [dumpTimes]

Options:
  -h,--help                   Print this help message and exit
  -j,--json                   Print result in JSON format
                              
  -d,--device                 The device IDs or PCI BDF addresses to query. The value of "-1" means all devices.
  -t,--tile                   The device tile IDs to query. If the device has only one tile, this parameter should not be specified.
  -m,--metrics                Metrics type to collect raw data, options. Separated by the comma.
                              0. Average % utilization of all GPU Engines, GPU active time of the elapsed time, per tile or device. Device-level is the average value of tiles for multi-tiles.
                              1. GPU Power (W), per tile or device.
                              2. GPU Frequency (MHz), per tile or device. Device-level is the average value of tiles for multi-tiles.
                              3. GPU Core Temperature (Celsius Degree), per tile or device. Device-level is the average value of tiles for multi-tiles.
                              4. GPU Memory Temperature (Celsius Degree), per tile or device. Device-level is the average value of tiles for multi-tiles.
                              5. GPU Memory Utilization (%), per tile or device. Device-level is the average value of tiles for multi-tiles.
                              6. GPU Memory Read (kB/s), per tile or device. Device-level is the sum value of tiles for multi-tiles.
                              7. GPU Memory Write (kB/s), per tile or device. Device-level is the sum value of tiles for multi-tiles.
                              8. GPU Energy Consumed (J), per tile or device.
                              9. GPU EU Array Active (%), the normalized sum of all cycles on all EUs that were spent actively executing instructions. Per tile or device. Device-level is the average value of tiles for multi-tiles.
                              10. GPU EU Array Stall (%), the normalized sum of all cycles on all EUs during which the EUs were stalled.
                                  At least one thread is loaded, but the EU is stalled. Per tile or device. Device-level is the average value of tiles for multi-tiles.
                              11. GPU EU Array Idle (%), the normalized sum of all cycles on all cores when no threads were scheduled on a core. Per tile or device. Device-level is the average value of tiles for multi-tiles.
                              12. Reset Counter, per tile or device. Device-level is the sum value of tiles for multi-tiles.
                              13. Programming Errors, per tile or device. Device-level is the sum value of tiles for multi-tiles.
                              14. Driver Errors, per tile or device. Device-level is the sum value of tiles for multi-tiles.
                              15. Cache Errors Correctable, per tile or device. Device-level is the sum value of tiles for multi-tiles.
                              16. Cache Errors Uncorrectable, per tile or device. Device-level is the sum value of tiles for multi-tiles.
                              17. GPU Memory Bandwidth Utilization (%), per tile or device. Device-level is the average value of tiles for multi-tiles.
                              18. GPU Memory Used (MiB), per tile or device. Device-level is the sum value of tiles for multi-tiles.
                              19. PCIe Read (kB/s), per device.
                              20. PCIe Write (kB/s), per device.
                              21. Xe Link Throughput (kB/s), a list of tile-to-tile Xe Link throughput.
                              22. Compute engine utilizations (%), per tile.
                              23. Render engine utilizations (%), per tile.
                              24. Media decoder engine utilizations (%), per tile.
                              25. Media encoder engine utilizations (%), per tile.
                              26. Copy engine utilizations (%), per tile.
                              27. Media enhancement engine utilizations (%), per tile.
                              28. 3D engine utilizations (%), per tile.
                              29. GPU Memory Errors Correctable, per tile or device. Other non-compute correctable errors are also included. Device-level is the sum value of tiles for multi-tiles.
                              30. GPU Memory Errors Uncorrectable, per tile or device. Other non-compute uncorrectable errors are also included. Device-level is the sum value of tiles for multi-tiles.
                              31. Compute engine group utilization (%), per tile or device. Device-level is the average value of tiles for multi-tiles.
                              32. Render engine group utilization (%), per tile or device. Device-level is the average value of tiles for multi-tiles.
                              33. Media engine group utilization (%), per tile or device. Device-level is the average value of tiles for multi-tiles.
                              34. Copy engine group utilization (%), per tile or device. Device-level is the average value of tiles for multi-tiles.
                              35. Throttle reason, per tile.
                              36. Media Engine Frequency (MHz), per tile or device. Device-level is the average value of tiles for multi-tiles.
                              
  -i                          The interval (in seconds) to dump the device statistics to screen. Default value: 1 second.
  -n                          Number of the device statistics dump to screen. The dump will never be ended if this parameter is not specified.
                              
  --file                      Dump the raw statistics to the file.
  --ims                       The interval (in milliseconds) to dump the device statistics to file for high-frequency monitoring.
                              The recommended metrics types for high-frequency sampling: GPU power, GPU frequency, GPU utilization,
                              GPU temperature, GPU memory read/write/bandwidth, GPU PCIe read/write, GPU engine utilizations, Xe Link throughput.
  --time                      Dump total time in seconds.
  --date                      Show date in timestamp.


=== dump #4 ===
Dump device statistics data.

Usage: xpu-smi dump [Options]
  xpu-smi dump -d [deviceIds] -t [deviceTileIds] -m [metricsIds] -i [timeInterval] -n [dumpTimes]
  xpu-smi dump -d [pciBdfAddress] -t [deviceTileIds] -m [metricsIds] -i [timeInterval] -n [dumpTimes]

Options:
  -h,--help                   Print this help message and exit
  -j,--json                   Print result in JSON format
                              
  -d,--device                 The device IDs or PCI BDF addresses to query. The value of "-1" means all devices.
  -t,--tile                   The device tile IDs to query. If the device has only one tile, this parameter should not be specified.
  -m,--metrics                Metrics type to collect raw data, options. Separated by the comma.
                              0. Average % utilization of all GPU Engines, GPU active time of the elapsed time, per tile or device. Device-level is the average value of tiles for multi-tiles.
                              1. GPU Power (W), per tile or device.
                              2. GPU Frequency (MHz), per tile or device. Device-level is the average value of tiles for multi-tiles.
                              3. GPU Core Temperature (Celsius Degree), per tile or device. Device-level is the average value of tiles for multi-tiles.
                              4. GPU Memory Temperature (Celsius Degree), per tile or device. Device-level is the average value of tiles for multi-tiles.
                              5. GPU Memory Utilization (%), per tile or device. Device-level is the average value of tiles for multi-tiles.
                              6. GPU Memory Read (kB/s), per tile or device. Device-level is the sum value of tiles for multi-tiles.
                              7. GPU Memory Write (kB/s), per tile or device. Device-level is the sum value of tiles for multi-tiles.
                              8. GPU Energy Consumed (J), per tile or device.
                              9. GPU EU Array Active (%), the normalized sum of all cycles on all EUs that were spent actively executing instructions. Per tile or device. Device-level is the average value of tiles for multi-tiles.
                              10. GPU EU Array Stall (%), the normalized sum of all cycles on all EUs during which the EUs were stalled.
                                  At least one thread is loaded, but the EU is stalled. Per tile or device. Device-level is the average value of tiles for multi-tiles.
                              11. GPU EU Array Idle (%), the normalized sum of all cycles on all cores when no threads were scheduled on a core. Per tile or device. Device-level is the average value of tiles for multi-tiles.
                              12. Reset Counter, per tile or device. Device-level is the sum value of tiles for multi-tiles.
                              13. Programming Errors, per tile or device. Device-level is the sum value of tiles for multi-tiles.
                              14. Driver Errors, per tile or device. Device-level is the sum value of tiles for multi-tiles.
                              15. Cache Errors Correctable, per tile or device. Device-level is the sum value of tiles for multi-tiles.
                              16. Cache Errors Uncorrectable, per tile or device. Device-level is the sum value of tiles for multi-tiles.
                              17. GPU Memory Bandwidth Utilization (%), per tile or device. Device-level is the average value of tiles for multi-tiles.
                              18. GPU Memory Used (MiB), per tile or device. Device-level is the sum value of tiles for multi-tiles.
                              19. PCIe Read (kB/s), per device.
                              20. PCIe Write (kB/s), per device.
                              21. Xe Link Throughput (kB/s), a list of tile-to-tile Xe Link throughput.
                              22. Compute engine utilizations (%), per tile.
                              23. Render engine utilizations (%), per tile.
                              24. Media decoder engine utilizations (%), per tile.
                              25. Media encoder engine utilizations (%), per tile.
                              26. Copy engine utilizations (%), per tile.
                              27. Media enhancement engine utilizations (%), per tile.
                              28. 3D engine utilizations (%), per tile.
                              29. GPU Memory Errors Correctable, per tile or device. Other non-compute correctable errors are also included. Device-level is the sum value of tiles for multi-tiles.
                              30. GPU Memory Errors Uncorrectable, per tile or device. Other non-compute uncorrectable errors are also included. Device-level is the sum value of tiles for multi-tiles.
                              31. Compute engine group utilization (%), per tile or device. Device-level is the average value of tiles for multi-tiles.
                              32. Render engine group utilization (%), per tile or device. Device-level is the average value of tiles for multi-tiles.
                              33. Media engine group utilization (%), per tile or device. Device-level is the average value of tiles for multi-tiles.
                              34. Copy engine group utilization (%), per tile or device. Device-level is the average value of tiles for multi-tiles.
                              35. Throttle reason, per tile.
                              36. Media Engine Frequency (MHz), per tile or device. Device-level is the average value of tiles for multi-tiles.
                              
  -i                          The interval (in seconds) to dump the device statistics to screen. Default value: 1 second.
  -n                          Number of the device statistics dump to screen. The dump will never be ended if this parameter is not specified.
                              
  --file                      Dump the raw statistics to the file.
  --ims                       The interval (in milliseconds) to dump the device statistics to file for high-frequency monitoring.
                              The recommended metrics types for high-frequency sampling: GPU power, GPU frequency, GPU utilization,
                              GPU temperature, GPU memory read/write/bandwidth, GPU PCIe read/write, GPU engine utilizations, Xe Link throughput.
  --time                      Dump total time in seconds.
  --date                      Show date in timestamp.


=== dump #4 ===
Dump device statistics data.

Usage: xpu-smi dump [Options]
  xpu-smi dump -d [deviceIds] -t [deviceTileIds] -m [metricsIds] -i [timeInterval] -n [dumpTimes]
  xpu-smi dump -d [pciBdfAddress] -t [deviceTileIds] -m [metricsIds] -i [timeInterval] -n [dumpTimes]

Options:
  -h,--help                   Print this help message and exit
  -j,--json                   Print result in JSON format
                              
  -d,--device                 The device IDs or PCI BDF addresses to query. The value of "-1" means all devices.
  -t,--tile                   The device tile IDs to query. If the device has only one tile, this parameter should not be specified.
  -m,--metrics                Metrics type to collect raw data, options. Separated by the comma.
                              0. Average % utilization of all GPU Engines, GPU active time of the elapsed time, per tile or device. Device-level is the average value of tiles for multi-tiles.
                              1. GPU Power (W), per tile or device.
                              2. GPU Frequency (MHz), per tile or device. Device-level is the average value of tiles for multi-tiles.
                              3. GPU Core Temperature (Celsius Degree), per tile or device. Device-level is the average value of tiles for multi-tiles.
                              4. GPU Memory Temperature (Celsius Degree), per tile or device. Device-level is the average value of tiles for multi-tiles.
                              5. GPU Memory Utilization (%), per tile or device. Device-level is the average value of tiles for multi-tiles.
                              6. GPU Memory Read (kB/s), per tile or device. Device-level is the sum value of tiles for multi-tiles.
                              7. GPU Memory Write (kB/s), per tile or device. Device-level is the sum value of tiles for multi-tiles.
                              8. GPU Energy Consumed (J), per tile or device.
                              9. GPU EU Array Active (%), the normalized sum of all cycles on all EUs that were spent actively executing instructions. Per tile or device. Device-level is the average value of tiles for multi-tiles.
                              10. GPU EU Array Stall (%), the normalized sum of all cycles on all EUs during which the EUs were stalled.
                                  At least one thread is loaded, but the EU is stalled. Per tile or device. Device-level is the average value of tiles for multi-tiles.
                              11. GPU EU Array Idle (%), the normalized sum of all cycles on all cores when no threads were scheduled on a core. Per tile or device. Device-level is the average value of tiles for multi-tiles.
                              12. Reset Counter, per tile or device. Device-level is the sum value of tiles for multi-tiles.
                              13. Programming Errors, per tile or device. Device-level is the sum value of tiles for multi-tiles.
                              14. Driver Errors, per tile or device. Device-level is the sum value of tiles for multi-tiles.
                              15. Cache Errors Correctable, per tile or device. Device-level is the sum value of tiles for multi-tiles.
                              16. Cache Errors Uncorrectable, per tile or device. Device-level is the sum value of tiles for multi-tiles.
                              17. GPU Memory Bandwidth Utilization (%), per tile or device. Device-level is the average value of tiles for multi-tiles.
                              18. GPU Memory Used (MiB), per tile or device. Device-level is the sum value of tiles for multi-tiles.
                              19. PCIe Read (kB/s), per device.
                              20. PCIe Write (kB/s), per device.
                              21. Xe Link Throughput (kB/s), a list of tile-to-tile Xe Link throughput.
                              22. Compute engine utilizations (%), per tile.
                              23. Render engine utilizations (%), per tile.
                              24. Media decoder engine utilizations (%), per tile.
                              25. Media encoder engine utilizations (%), per tile.
                              26. Copy engine utilizations (%), per tile.
                              27. Media enhancement engine utilizations (%), per tile.
                              28. 3D engine utilizations (%), per tile.
                              29. GPU Memory Errors Correctable, per tile or device. Other non-compute correctable errors are also included. Device-level is the sum value of tiles for multi-tiles.
                              30. GPU Memory Errors Uncorrectable, per tile or device. Other non-compute uncorrectable errors are also included. Device-level is the sum value of tiles for multi-tiles.
                              31. Compute engine group utilization (%), per tile or device. Device-level is the average value of tiles for multi-tiles.
                              32. Render engine group utilization (%), per tile or device. Device-level is the average value of tiles for multi-tiles.
                              33. Media engine group utilization (%), per tile or device. Device-level is the average value of tiles for multi-tiles.
                              34. Copy engine group utilization (%), per tile or device. Device-level is the average value of tiles for multi-tiles.
                              35. Throttle reason, per tile.
                              36. Media Engine Frequency (MHz), per tile or device. Device-level is the average value of tiles for multi-tiles.
                              
  -i                          The interval (in seconds) to dump the device statistics to screen. Default value: 1 second.
  -n                          Number of the device statistics dump to screen. The dump will never be ended if this parameter is not specified.
                              
  --file                      Dump the raw statistics to the file.
  --ims                       The interval (in milliseconds) to dump the device statistics to file for high-frequency monitoring.
                              The recommended metrics types for high-frequency sampling: GPU power, GPU frequency, GPU utilization,
                              GPU temperature, GPU memory read/write/bandwidth, GPU PCIe read/write, GPU engine utilizations, Xe Link throughput.
  --time                      Dump total time in seconds.
  --date                      Show date in timestamp.


=== dump #5 ===
Dump device statistics data.

Usage: xpu-smi dump [Options]
  xpu-smi dump -d [deviceIds] -t [deviceTileIds] -m [metricsIds] -i [timeInterval] -n [dumpTimes]
  xpu-smi dump -d [pciBdfAddress] -t [deviceTileIds] -m [metricsIds] -i [timeInterval] -n [dumpTimes]

Options:
  -h,--help                   Print this help message and exit
  -j,--json                   Print result in JSON format
                              
  -d,--device                 The device IDs or PCI BDF addresses to query. The value of "-1" means all devices.
  -t,--tile                   The device tile IDs to query. If the device has only one tile, this parameter should not be specified.
  -m,--metrics                Metrics type to collect raw data, options. Separated by the comma.
                              0. Average % utilization of all GPU Engines, GPU active time of the elapsed time, per tile or device. Device-level is the average value of tiles for multi-tiles.
                              1. GPU Power (W), per tile or device.
                              2. GPU Frequency (MHz), per tile or device. Device-level is the average value of tiles for multi-tiles.
                              3. GPU Core Temperature (Celsius Degree), per tile or device. Device-level is the average value of tiles for multi-tiles.
                              4. GPU Memory Temperature (Celsius Degree), per tile or device. Device-level is the average value of tiles for multi-tiles.
                              5. GPU Memory Utilization (%), per tile or device. Device-level is the average value of tiles for multi-tiles.
                              6. GPU Memory Read (kB/s), per tile or device. Device-level is the sum value of tiles for multi-tiles.
                              7. GPU Memory Write (kB/s), per tile or device. Device-level is the sum value of tiles for multi-tiles.
                              8. GPU Energy Consumed (J), per tile or device.
                              9. GPU EU Array Active (%), the normalized sum of all cycles on all EUs that were spent actively executing instructions. Per tile or device. Device-level is the average value of tiles for multi-tiles.
                              10. GPU EU Array Stall (%), the normalized sum of all cycles on all EUs during which the EUs were stalled.
                                  At least one thread is loaded, but the EU is stalled. Per tile or device. Device-level is the average value of tiles for multi-tiles.
                              11. GPU EU Array Idle (%), the normalized sum of all cycles on all cores when no threads were scheduled on a core. Per tile or device. Device-level is the average value of tiles for multi-tiles.
                              12. Reset Counter, per tile or device. Device-level is the sum value of tiles for multi-tiles.
                              13. Programming Errors, per tile or device. Device-level is the sum value of tiles for multi-tiles.
                              14. Driver Errors, per tile or device. Device-level is the sum value of tiles for multi-tiles.
                              15. Cache Errors Correctable, per tile or device. Device-level is the sum value of tiles for multi-tiles.
                              16. Cache Errors Uncorrectable, per tile or device. Device-level is the sum value of tiles for multi-tiles.
                              17. GPU Memory Bandwidth Utilization (%), per tile or device. Device-level is the average value of tiles for multi-tiles.
                              18. GPU Memory Used (MiB), per tile or device. Device-level is the sum value of tiles for multi-tiles.
                              19. PCIe Read (kB/s), per device.
                              20. PCIe Write (kB/s), per device.
                              21. Xe Link Throughput (kB/s), a list of tile-to-tile Xe Link throughput.
                              22. Compute engine utilizations (%), per tile.
                              23. Render engine utilizations (%), per tile.
                              24. Media decoder engine utilizations (%), per tile.
                              25. Media encoder engine utilizations (%), per tile.
                              26. Copy engine utilizations (%), per tile.
                              27. Media enhancement engine utilizations (%), per tile.
                              28. 3D engine utilizations (%), per tile.
                              29. GPU Memory Errors Correctable, per tile or device. Other non-compute correctable errors are also included. Device-level is the sum value of tiles for multi-tiles.
                              30. GPU Memory Errors Uncorrectable, per tile or device. Other non-compute uncorrectable errors are also included. Device-level is the sum value of tiles for multi-tiles.
                              31. Compute engine group utilization (%), per tile or device. Device-level is the average value of tiles for multi-tiles.
                              32. Render engine group utilization (%), per tile or device. Device-level is the average value of tiles for multi-tiles.
                              33. Media engine group utilization (%), per tile or device. Device-level is the average value of tiles for multi-tiles.
                              34. Copy engine group utilization (%), per tile or device. Device-level is the average value of tiles for multi-tiles.
                              35. Throttle reason, per tile.
                              36. Media Engine Frequency (MHz), per tile or device. Device-level is the average value of tiles for multi-tiles.
                              
  -i                          The interval (in seconds) to dump the device statistics to screen. Default value: 1 second.
  -n                          Number of the device statistics dump to screen. The dump will never be ended if this parameter is not specified.
                              
  --file                      Dump the raw statistics to the file.
  --ims                       The interval (in milliseconds) to dump the device statistics to file for high-frequency monitoring.
                              The recommended metrics types for high-frequency sampling: GPU power, GPU frequency, GPU utilization,
                              GPU temperature, GPU memory read/write/bandwidth, GPU PCIe read/write, GPU engine utilizations, Xe Link throughput.
  --time                      Dump total time in seconds.
  --date                      Show date in timestamp.


=== dump #5 ===
Dump device statistics data.

Usage: xpu-smi dump [Options]
  xpu-smi dump -d [deviceIds] -t [deviceTileIds] -m [metricsIds] -i [timeInterval] -n [dumpTimes]
  xpu-smi dump -d [pciBdfAddress] -t [deviceTileIds] -m [metricsIds] -i [timeInterval] -n [dumpTimes]

Options:
  -h,--help                   Print this help message and exit
  -j,--json                   Print result in JSON format
                              
  -d,--device                 The device IDs or PCI BDF addresses to query. The value of "-1" means all devices.
  -t,--tile                   The device tile IDs to query. If the device has only one tile, this parameter should not be specified.
  -m,--metrics                Metrics type to collect raw data, options. Separated by the comma.
                              0. Average % utilization of all GPU Engines, GPU active time of the elapsed time, per tile or device. Device-level is the average value of tiles for multi-tiles.
                              1. GPU Power (W), per tile or device.
                              2. GPU Frequency (MHz), per tile or device. Device-level is the average value of tiles for multi-tiles.
                              3. GPU Core Temperature (Celsius Degree), per tile or device. Device-level is the average value of tiles for multi-tiles.
                              4. GPU Memory Temperature (Celsius Degree), per tile or device. Device-level is the average value of tiles for multi-tiles.
                              5. GPU Memory Utilization (%), per tile or device. Device-level is the average value of tiles for multi-tiles.
                              6. GPU Memory Read (kB/s), per tile or device. Device-level is the sum value of tiles for multi-tiles.
                              7. GPU Memory Write (kB/s), per tile or device. Device-level is the sum value of tiles for multi-tiles.
                              8. GPU Energy Consumed (J), per tile or device.
                              9. GPU EU Array Active (%), the normalized sum of all cycles on all EUs that were spent actively executing instructions. Per tile or device. Device-level is the average value of tiles for multi-tiles.
                              10. GPU EU Array Stall (%), the normalized sum of all cycles on all EUs during which the EUs were stalled.
                                  At least one thread is loaded, but the EU is stalled. Per tile or device. Device-level is the average value of tiles for multi-tiles.
                              11. GPU EU Array Idle (%), the normalized sum of all cycles on all cores when no threads were scheduled on a core. Per tile or device. Device-level is the average value of tiles for multi-tiles.
                              12. Reset Counter, per tile or device. Device-level is the sum value of tiles for multi-tiles.
                              13. Programming Errors, per tile or device. Device-level is the sum value of tiles for multi-tiles.
                              14. Driver Errors, per tile or device. Device-level is the sum value of tiles for multi-tiles.
                              15. Cache Errors Correctable, per tile or device. Device-level is the sum value of tiles for multi-tiles.
                              16. Cache Errors Uncorrectable, per tile or device. Device-level is the sum value of tiles for multi-tiles.
                              17. GPU Memory Bandwidth Utilization (%), per tile or device. Device-level is the average value of tiles for multi-tiles.
                              18. GPU Memory Used (MiB), per tile or device. Device-level is the sum value of tiles for multi-tiles.
                              19. PCIe Read (kB/s), per device.
                              20. PCIe Write (kB/s), per device.
                              21. Xe Link Throughput (kB/s), a list of tile-to-tile Xe Link throughput.
                              22. Compute engine utilizations (%), per tile.
                              23. Render engine utilizations (%), per tile.
                              24. Media decoder engine utilizations (%), per tile.
                              25. Media encoder engine utilizations (%), per tile.
                              26. Copy engine utilizations (%), per tile.
                              27. Media enhancement engine utilizations (%), per tile.
                              28. 3D engine utilizations (%), per tile.
                              29. GPU Memory Errors Correctable, per tile or device. Other non-compute correctable errors are also included. Device-level is the sum value of tiles for multi-tiles.
                              30. GPU Memory Errors Uncorrectable, per tile or device. Other non-compute uncorrectable errors are also included. Device-level is the sum value of tiles for multi-tiles.
                              31. Compute engine group utilization (%), per tile or device. Device-level is the average value of tiles for multi-tiles.
                              32. Render engine group utilization (%), per tile or device. Device-level is the average value of tiles for multi-tiles.
                              33. Media engine group utilization (%), per tile or device. Device-level is the average value of tiles for multi-tiles.
                              34. Copy engine group utilization (%), per tile or device. Device-level is the average value of tiles for multi-tiles.
                              35. Throttle reason, per tile.
                              36. Media Engine Frequency (MHz), per tile or device. Device-level is the average value of tiles for multi-tiles.
                              
  -i                          The interval (in seconds) to dump the device statistics to screen. Default value: 1 second.
  -n                          Number of the device statistics dump to screen. The dump will never be ended if this parameter is not specified.
                              
  --file                      Dump the raw statistics to the file.
  --ims                       The interval (in milliseconds) to dump the device statistics to file for high-frequency monitoring.
                              The recommended metrics types for high-frequency sampling: GPU power, GPU frequency, GPU utilization,
                              GPU temperature, GPU memory read/write/bandwidth, GPU PCIe read/write, GPU engine utilizations, Xe Link throughput.
  --time                      Dump total time in seconds.
  --date                      Show date in timestamp.


