=== [S2] GATE 1: f8ref MUST-equal
hashes=['cb8c3851b897', '68332ec7c31b', '05c88ff03b0c']
F8REF_PASS
=== [S2] GATE 2: q17 solo+conc4 (clock-guarded)
solo  mt=256: 6.7s 256 tok = 38.1 tok/s
conc4 mt=128: 12.5s 512 tok = 40.8 tok/s aggregate
guard_fires before=0 after=0 (delta should be 0: long prompts)
Q17_PERF_SH_DONE
clock samples (gpu freq field, top-3): 9936 9698 9640 
=== [S2] GATE 3: bench3 COLD
BENCH warmup: prompt_tok=87 compl_tok=8 ttft=-1.00s decode=0.0 tok/s total=0.4s
BENCH ctx2k: prompt_tok=2314 compl_tok=111 ttft=4.55s decode=306.7 tok/s total=4.9s
BENCH ctx16k: prompt_tok=18239 compl_tok=153 ttft=17.10s decode=332.4 tok/s total=17.6s
BENCH ctx65k: prompt_tok=73914 compl_tok=165 ttft=39.15s decode=296.4 tok/s total=39.7s
BENCH conc8: n=8 wall=9.6s aggregate=214.0 tok/s per_req=256.0 tok
BENCH acceptance: 1879/2532 = 0.742 emitted=0
=== [S2] GATE 4: q17 warm
solo  mt=256: 6.7s 256 tok = 38.3 tok/s
conc4 mt=128: 4.3s 512 tok = 117.7 tok/s aggregate
guard_fires before=0 after=0 (delta should be 0: long prompts)
Q17_PERF_SH_DONE
=== [S2] census + resets
intel-igc-core-2 2.36.3
intel-igc-opencl-2 2.36.3
intel-opencl-icd 26.22.38646.4-0
libigdgmm12:amd64 22.10.0
libze-intel-gpu1 26.22.38646.4-0
engine_resets=0
NV_SCREEN_DONE [S2] 04:44:08
