=== round 15:11:28
' Paris.\nThe capital of'
' Paris.\nThe capital of'
' Paris.\nThe capital of'
' Paris.\nThe capital of'
' Paris.\nThe capital of'
' Paris.\nThe capital of'
' Paris.\nThe capital of'
' Paris.\nThe capital of'
distinct=1
=== round 15:12:56
' Paris.\nThe capital of'
' Paris.\nThe capital of'
' Paris.\nThe capital of'
' Paris.\nThe capital of'
' Paris.\nThe capital of'
' Paris.\nThe capital of'
' Paris.\nThe capital of'
' Paris.\nThe capital of'
distinct=1
=== round 15:13:45
' Paris.\nThe capital of'
' Paris.\nThe capital of'
' Paris.\nThe capital of'
' Paris.\nThe capital of'
' Paris.\nThe capital of'
' Paris.\nThe capital of'
' Paris.\nThe capital of'
' Paris.\nThe capital of'
distinct=1
=== round 15:14:34
' Paris.\nThe capital of'
' Paris.\nThe capital of'
' Paris.\nThe capital of'
' Paris.\nThe capital of'
' Paris.\nThe capital of'
' Paris.\nThe capital of'
' Paris.\nThe capital of'
' Paris.\nThe capital of'
distinct=1
=== round 15:15:52
' Paris.\nThe capital of'
' Paris.\nThe capital of'
' Paris.\nThe capital of'
' Paris.\nThe capital of'
' Paris.\nThe capital of'
' Paris.\nThe capital of'
' Paris.\nThe capital of'
' Paris.\nThe capital of'
distinct=1
=== round 15:16:41
' Paris.\nThe capital of'
' Paris.\nThe capital of'
' Paris.\nThe capital of'
' Paris.\nThe capital of'
' Paris.\nThe capital of'
' Paris.\nThe capital of'
' Paris.\nThe capital of'
' Paris.\nThe capital of'
distinct=1
=== round 15:18:11
' Paris.\nThe capital of'
' Paris.\nThe capital of'
' Paris.\nThe capital of'
' Paris.\nThe capital of'
' Paris.\nThe capital of'
' Paris.\nThe capital of'
' Paris.\nThe capital of'
' Paris.\nThe capital of'
distinct=1
=== round 15:19:00
' Paris.\nThe capital of'
' Paris.\nThe capital of'
' Paris.\nThe capital of'
' Paris.\nThe capital of'
' Paris.\nThe capital of'
' Paris.\nThe capital of'
' Paris.\nThe capital of'
' Paris.\nThe capital of'
distinct=1
=== round 15:19:49
' Paris.\nThe capital of'
' Paris.\nThe capital of'
' Paris.\nThe capital of'
' Paris.\nThe capital of'
' Paris.\nThe capital of'
' Paris.\nThe capital of'
' Paris.\nThe capital of'
' Paris.\nThe capital of'
distinct=1
=== round 15:20:38
' Paris.\nThe capital of'
' Paris.\nThe capital of'
' Paris.\nThe capital of'
' Paris.\nThe capital of'
' Paris.\nThe capital of'
' Paris.\nThe capital of'
' Paris.\nThe capital of'
' Paris.\nThe capital of'
distinct=1
=== round 15:23:40
' Paris.\nThe capital of'
' Paris.\nThe capital of'
' Paris.\nThe capital of'
' Paris.\nThe capital of'
' Paris.\nThe capital of'
' Paris.\nThe capital of'
' Paris.\nThe capital of'
' Paris.\nThe capital of'
distinct=1
=== round 15:24:47
' Paris.\nThe capital of'
' Paris.\nThe capital of'
' Paris.\nThe capital of'
' Paris.\nThe capital of'
' Paris.\nThe capital of'
' Paris.\nThe capital of'
' Paris.\nThe capital of'
' Paris.\nThe capital of'
distinct=1
=== round 15:25:36
' Paris.\nThe capital of'
' Paris.\nThe capital of'
' Paris.\nThe capital of'
' Paris.\nThe capital of'
' Paris.\nThe capital of'
' Paris.\nThe capital of'
' Paris.\nThe capital of'
' Paris.\nThe capital of'
distinct=1
=== round 15:26:25
' Paris.\nThe capital of'
' Paris.\nThe capital of'
' Paris.\nThe capital of'
' Paris.\nThe capital of'
' Paris.\nThe capital of'
' Paris.\nThe capital of'
' Paris.\nThe capital of'
' Paris.\nThe capital of'
distinct=1
=== round 15:27:35
' Paris.\nThe capital of'
' Paris.\nThe capital of'
' Paris.\nThe capital of'
' Paris.\nThe capital of'
' Paris.\nThe capital of'
' Paris.\nThe capital of'
' Paris.\nThe capital of'
' Paris.\nThe capital of'
distinct=1
=== round 15:28:24
' Paris.\nThe capital of'
' Paris.\nThe capital of'
' Paris.\nThe capital of'
' Paris.\nThe capital of'
' Paris.\nThe capital of'
' Paris.\nThe capital of'
' Paris.\nThe capital of'
' Paris.\nThe capital of'
distinct=1
=== round 15:29:39
' Paris.\nThe capital of'
' Paris.\nThe capital of'
' Paris.\nThe capital of'
' Paris.\nThe capital of'
' Paris.\nThe capital of'
' Paris.\nThe capital of'
' Paris.\nThe capital of'
' Paris.\nThe capital of'
distinct=1
=== round 15:30:29
' Paris.\nThe capital of'
' Paris.\nThe capital of'
' Paris.\nThe capital of'
' Paris.\nThe capital of'
' Paris.\nThe capital of'
' Paris.\nThe capital of'
' Paris.\nThe capital of'
' Paris.\nThe capital of'
distinct=1
=== round 15:31:18
' Paris.\nThe capital of'
' Paris.\nThe capital of'
' Paris.\nThe capital of'
' Paris.\nThe capital of'
' Paris.\nThe capital of'
' Paris.\nThe capital of'
' Paris.\nThe capital of'
' Paris.\nThe capital of'
distinct=1
=== round 15:35:12
' Paris.\nThe capital of'
' Paris.\nThe capital of'
' Paris.\nThe capital of'
' Paris.\nThe capital of'
' Paris.\nThe capital of'
' Paris.\nThe capital of'
' Paris.\nThe capital of'
' Paris.\nThe capital of'
distinct=1
=== round 15:36:39
' Paris.\nThe capital of'
' Paris.\nThe capital of'
' Paris.\nThe capital of'
' Paris.\nThe capital of'
' Paris.\nThe capital of'
' Paris.\nThe capital of'
' Paris.\nThe capital of'
' Paris.\nThe capital of'
distinct=1
=== round 15:37:28
' Paris.\nThe capital of'
' Paris.\nThe capital of'
' Paris.\nThe capital of'
' Paris.\nThe capital of'
' Paris.\nThe capital of'
' Paris.\nThe capital of'
' Paris.\nThe capital of'
' Paris.\nThe capital of'
distinct=1
=== round 15:38:17
' Paris.\nThe capital of'
' Paris.\nThe capital of'
' Paris.\nThe capital of'
' Paris.\nThe capital of'
' Paris.\nThe capital of'
' Paris.\nThe capital of'
' Paris.\nThe capital of'
' Paris.\nThe capital of'
distinct=1
=== round 15:39:43
' Paris.\nThe capital of'
' Paris.\nThe capital of'
' Paris.\nThe capital of'
' Paris.\nThe capital of'
' Paris.\nThe capital of'
' Paris.\nThe capital of'
' Paris.\nThe capital of'
' Paris.\nThe capital of'
distinct=1
=== round 15:40:33
' Paris.\nThe capital of'
' Paris.\nThe capital of'
' Paris.\nThe capital of'
' Paris.\nThe capital of'
' Paris.\nThe capital of'
' Paris.\nThe capital of'
' Paris.\nThe capital of'
' Paris.\nThe capital of'
distinct=1
=== round 15:41:49
' Paris.\nThe capital of'
' Paris.\nThe capital of'
' Paris.\nThe capital of'
' Paris.\nThe capital of'
' Paris.\nThe capital of'
' Paris.\nThe capital of'
' Paris.\nThe capital of'
' Paris.\nThe capital of'
distinct=1
=== round 15:43:09
' Paris.\nThe capital of'
' Paris.\nThe capital of'
' Paris.\nThe capital of'
' Paris.\nThe capital of'
' Paris.\nThe capital of'
' Paris.\nThe capital of'
' Paris.\nThe capital of'
' Paris.\nThe capital of'
distinct=1
=== round 15:44:11
' Paris.\nThe capital of'
' Paris.\nThe capital of'
' Paris.\nThe capital of'
' Paris.\nThe capital of'
' Paris.\nThe capital of'
' Paris.\nThe capital of'
' Paris.\nThe capital of'
' Paris.\nThe capital of'
distinct=1
=== round 15:44:59
' Paris.\nThe capital of'
' Paris.\nThe capital of'
' Paris.\nThe capital of'
' Paris.\nThe capital of'
' Paris.\nThe capital of'
' Paris.\nThe capital of'
' Paris.\nThe capital of'
' Paris.\nThe capital of'
distinct=1
=== round 15:45:48
' Paris.\nThe capital of'
' Paris.\nThe capital of'
' Paris.\nThe capital of'
' Paris.\nThe capital of'
' Paris.\nThe capital of'
' Paris.\nThe capital of'
' Paris.\nThe capital of'
' Paris.\nThe capital of'
distinct=1
=== round 15:50:18
' Paris.\nThe capital of'
' Paris.\nThe capital of'
' Paris.\nThe capital of'
' Paris.\nThe capital of'
' Paris.\nThe capital of'
' Paris.\nThe capital of'
' Paris.\nThe capital of'
' Paris.\nThe capital of'
distinct=1
=== round 15:52:09
' Paris.\nThe capital of'
' Paris.\nThe capital of'
' Paris.\nThe capital of'
' Paris.\nThe capital of'
' Paris.\nThe capital of'
' Paris.\nThe capital of'
' Paris.\nThe capital of'
' Paris.\nThe capital of'
distinct=1
=== round 15:52:58
' Paris.\nThe capital of'
' Paris.\nThe capital of'
' Paris.\nThe capital of'
' Paris.\nThe capital of'
' Paris.\nThe capital of'
' Paris.\nThe capital of'
' Paris.\nThe capital of'
' Paris.\nThe capital of'
distinct=1
=== round 15:53:47
' Paris.\nThe capital of'
' Paris.\nThe capital of'
' Paris.\nThe capital of'
' Paris.\nThe capital of'
' Paris.\nThe capital of'
' Paris.\nThe capital of'
' Paris.\nThe capital of'
' Paris.\nThe capital of'
distinct=1
=== round 15:55:14
' Paris.\nThe capital of'
' Paris.\nThe capital of'
' Paris.\nThe capital of'
' Paris.\nThe capital of'
' Paris.\nThe capital of'
' Paris.\nThe capital of'
' Paris.\nThe capital of'
' Paris.\nThe capital of'
distinct=1
=== round 15:56:03
' Paris.\nThe capital of'
' Paris.\nThe capital of'
' Paris.\nThe capital of'
' Paris.\nThe capital of'
' Paris.\nThe capital of'
' Paris.\nThe capital of'
' Paris.\nThe capital of'
' Paris.\nThe capital of'
distinct=1
=== round 15:56:52
' Paris.\nThe capital of'
' Paris.\nThe capital of'
' Paris.\nThe capital of'
' Paris.\nThe capital of'
' Paris.\nThe capital of'
' Paris.\nThe capital of'
' Paris.\nThe capital of'
' Paris.\nThe capital of'
distinct=1
=== round 15:58:15
' Paris.\nThe capital of'
' Paris.\nThe capital of'
' Paris.\nThe capital of'
' Paris.\nThe capital of'
' Paris.\nThe capital of'
' Paris.\nThe capital of'
' Paris.\nThe capital of'
' Paris.\nThe capital of'
distinct=1
=== round 15:59:04
' Paris.\nThe capital of'
' Paris.\nThe capital of'
' Paris.\nThe capital of'
' Paris.\nThe capital of'
' Paris.\nThe capital of'
' Paris.\nThe capital of'
' Paris.\nThe capital of'
' Paris.\nThe capital of'
distinct=1
=== round 15:59:53
' Paris.\nThe capital of'
' Paris.\nThe capital of'
' Paris.\nThe capital of'
' Paris.\nThe capital of'
' Paris.\nThe capital of'
' Paris.\nThe capital of'
' Paris.\nThe capital of'
' Paris.\nThe capital of'
distinct=1
=== round 16:04:09
' Paris.\nThe capital of'
' Paris.\nThe capital of'
' Paris.\nThe capital of'
' Paris.\nThe capital of'
' Paris.\nThe capital of'
' Paris.\nThe capital of'
' Paris.\nThe capital of'
' Paris.\nThe capital of'
distinct=1
=== round 16:06:29
' Paris.\nThe capital of'
' Paris.\nThe capital of'
' Paris.\nThe capital of'
' Paris.\nThe capital of'
' Paris.\nThe capital of'
' Paris.\nThe capital of'
' Paris.\nThe capital of'
' Paris.\nThe capital of'
distinct=1
=== round 16:07:19
' Paris.\nThe capital of'
' Paris.\nThe capital of'
' Paris.\nThe capital of'
' Paris.\nThe capital of'
' Paris.\nThe capital of'
' Paris.\nThe capital of'
' Paris.\nThe capital of'
' Paris.\nThe capital of'
distinct=1
=== round 16:08:08
' Paris.\nThe capital of'
' Paris.\nThe capital of'
' Paris.\nThe capital of'
' Paris.\nThe capital of'
' Paris.\nThe capital of'
' Paris.\nThe capital of'
' Paris.\nThe capital of'
' Paris.\nThe capital of'
distinct=1
=== round 16:10:25
' Paris.\nThe capital of'
' Paris.\nThe capital of'
' Paris.\nThe capital of'
' Paris.\nThe capital of'
' Paris.\nThe capital of'
' Paris.\nThe capital of'
' Paris.\nThe capital of'
' Paris.\nThe capital of'
distinct=1
=== round 16:11:14
' Paris.\nThe capital of'
' Paris.\nThe capital of'
' Paris.\nThe capital of'
' Paris.\nThe capital of'
' Paris.\nThe capital of'
' Paris.\nThe capital of'
' Paris.\nThe capital of'
' Paris.\nThe capital of'
distinct=1
=== round 16:12:03
' Paris.\nThe capital of'
' Paris.\nThe capital of'
' Paris.\nThe capital of'
' Paris.\nThe capital of'
' Paris.\nThe capital of'
' Paris.\nThe capital of'
' Paris.\nThe capital of'
' Paris.\nThe capital of'
distinct=1
=== round 16:13:32
' Paris.\nThe capital of'
' Paris.\nThe capital of'
' Paris.\nThe capital of'
' Paris.\nThe capital of'
' Paris.\nThe capital of'
' Paris.\nThe capital of'
' Paris.\nThe capital of'
' Paris.\nThe capital of'
distinct=1
=== round 16:14:49
' Paris.\nThe capital of'
' Paris.\nThe capital of'
' Paris.\nThe capital of'
' Paris.\nThe capital of'
' Paris.\nThe capital of'
' Paris.\nThe capital of'
' Paris.\nThe capital of'
' Paris.\nThe capital of'
distinct=1
=== round 16:15:50
' Paris.\nThe capital of'
' Paris.\nThe capital of'
' Paris.\nThe capital of'
' Paris.\nThe capital of'
' Paris.\nThe capital of'
' Paris.\nThe capital of'
' Paris.\nThe capital of'
' Paris.\nThe capital of'
distinct=1
=== round 16:16:38
' Paris.\nThe capital of'
' Paris.\nThe capital of'
' Paris.\nThe capital of'
' Paris.\nThe capital of'
' Paris.\nThe capital of'
' Paris.\nThe capital of'
' Paris.\nThe capital of'
' Paris.\nThe capital of'
distinct=1
=== round 16:20:34
' Paris.\nThe capital of'
' Paris.\nThe capital of'
' Paris.\nThe capital of'
' Paris.\nThe capital of'
' Paris.\nThe capital of'
' Paris.\nThe capital of'
' Paris.\nThe capital of'
' Paris.\nThe capital of'
distinct=1
=== round 16:22:26
' Paris.\nThe capital of'
' Paris.\nThe capital of'
' Paris.\nThe capital of'
' Paris.\nThe capital of'
' Paris.\nThe capital of'
' Paris.\nThe capital of'
' Paris.\nThe capital of'
' Paris.\nThe capital of'
distinct=1
=== round 16:24:52
' Paris.\nThe capital of'
' Paris.\nThe capital of'
' Paris.\nThe capital of'
' Paris.\nThe capital of'
' Paris.\nThe capital of'
' Paris.\nThe capital of'
' Paris.\nThe capital of'
' Paris.\nThe capital of'
distinct=1
=== round 16:25:41
' Paris.\nThe capital of'
' Paris.\nThe capital of'
' Paris.\nThe capital of'
' Paris.\nThe capital of'
' Paris.\nThe capital of'
' Paris.\nThe capital of'
' Paris.\nThe capital of'
' Paris.\nThe capital of'
distinct=1
=== round 16:26:30
' Paris.\nThe capital of'
' Paris.\nThe capital of'
' Paris.\nThe capital of'
' Paris.\nThe capital of'
' Paris.\nThe capital of'
' Paris.\nThe capital of'
' Paris.\nThe capital of'
' Paris.\nThe capital of'
distinct=1
=== round 16:28:16
' Paris.\nThe capital of'
' Paris.\nThe capital of'
' Paris.\nThe capital of'
' Paris.\nThe capital of'
' Paris.\nThe capital of'
' Paris.\nThe capital of'
' Paris.\nThe capital of'
' Paris.\nThe capital of'
distinct=1
=== round 16:29:05
' Paris.\nThe capital of'
' Paris.\nThe capital of'
' Paris.\nThe capital of'
' Paris.\nThe capital of'
' Paris.\nThe capital of'
' Paris.\nThe capital of'
' Paris.\nThe capital of'
' Paris.\nThe capital of'
distinct=1
=== round 16:29:55
' Paris.\nThe capital of'
' Paris.\nThe capital of'
' Paris.\nThe capital of'
' Paris.\nThe capital of'
' Paris.\nThe capital of'
' Paris.\nThe capital of'
' Paris.\nThe capital of'
' Paris.\nThe capital of'
distinct=1
=== round 16:31:20
' Paris.\nThe capital of'
' Paris.\nThe capital of'
' Paris.\nThe capital of'
' Paris.\nThe capital of'
' Paris.\nThe capital of'
' Paris.\nThe capital of'
' Paris.\nThe capital of'
' Paris.\nThe capital of'
distinct=1
=== round 16:32:15
' Paris.\nThe capital of'
' Paris.\nThe capital of'
' Paris.\nThe capital of'
' Paris.\nThe capital of'
' Paris.\nThe capital of'
' Paris.\nThe capital of'
' Paris.\nThe capital of'
' Paris.\nThe capital of'
distinct=1
=== round 16:33:04
' Paris.\nThe capital of'
' Paris.\nThe capital of'
' Paris.\nThe capital of'
' Paris.\nThe capital of'
' Paris.\nThe capital of'
' Paris.\nThe capital of'
' Paris.\nThe capital of'
' Paris.\nThe capital of'
distinct=1
=== round 16:34:04
' Paris.\nThe capital of'
' Paris.\nThe capital of'
' Paris.\nThe capital of'
' Paris.\nThe capital of'
' Paris.\nThe capital of'
' Paris.\nThe capital of'
' Paris.\nThe capital of'
' Paris.\nThe capital of'
distinct=1
=== round 16:38:02
' Paris.\nThe capital of'
' Paris.\nThe capital of'
' Paris.\nThe capital of'
' Paris.\nThe capital of'
' Paris.\nThe capital of'
' Paris.\nThe capital of'
' Paris.\nThe capital of'
' Paris.\nThe capital of'
distinct=1
=== round 16:40:18
' Paris.\nThe capital of'
' Paris.\nThe capital of'
' Paris.\nThe capital of'
' Paris.\nThe capital of'
' Paris.\nThe capital of'
' Paris.\nThe capital of'
' Paris.\nA. Fact'
' Paris.\nThe capital of'
distinct=2
*** P1_REPRO distinct=2 at 16:42:51 ***
=== round 16:43:36
' Paris.\nThe capital of'
' Paris.\nThe capital of'
' Paris.\nThe capital of'
' Paris.\nThe capital of'
' Paris.\nThe capital of'
' Paris.\nThe capital of'
' Paris.\nThe capital of'
' Paris.\nThe capital of'
distinct=1
=== round 16:44:25
' Paris.\nThe capital of'
' Paris.\nThe capital of'
' Paris.\nThe capital of'
' Paris.\nThe capital of'
' Paris.\nThe capital of'
' Paris.\nThe capital of'
' Paris.\nThe capital of'
' Paris.\nThe capital of'
distinct=1
=== round 16:45:14
' Paris.\nThe capital of'
' Paris.\nThe capital of'
' Paris.\nThe capital of'
' Paris.\nThe capital of'
' Paris.\nThe capital of'
' Paris.\nThe capital of'
' Paris.\nThe capital of'
' Paris.\nThe capital of'
distinct=1
=== round 16:47:34
' Paris.\nThe capital of'
' Paris.\nThe capital of'
' Paris.\nThe capital of'
' Paris.\nThe capital of'
' Paris.\nThe capital of'
' Paris.\nThe capital of'
' Paris.\nThe capital of'
' Paris.\nThe capital of'
distinct=1
=== round 16:48:23
' Paris.\nThe capital of'
' Paris.\nThe capital of'
' Paris.\nThe capital of'
' Paris.\nThe capital of'
' Paris.\nThe capital of'
' Paris.\nThe capital of'
' Paris.\nThe capital of'
' Paris.\nThe capital of'
distinct=1
=== round 16:49:12
' Paris.\nThe capital of'
' Paris.\nThe capital of'
' Paris.\nThe capital of'
' Paris.\nThe capital of'
' Paris.\nThe capital of'
' Paris.\nThe capital of'
' Paris.\nThe capital of'
' Paris.\nThe capital of'
distinct=1
=== round 16:50:53
' Paris.\nThe capital of'
' Paris.\nThe capital of'
' Paris.\nThe capital of'
' Paris.\nThe capital of'
' Paris.\nThe capital of'
' Paris.\nThe capital of'
' Paris.\nThe capital of'
' Paris.\nThe capital of'
distinct=1
=== round 16:52:01
' Paris.\nThe capital of'
' Paris.\nThe capital of'
' Paris.\nThe capital of'
' Paris.\nThe capital of'
' Paris.\nThe capital of'
' Paris.\nThe capital of'
' Paris.\nThe capital of'
' Paris.\nThe capital of'
distinct=1
=== round 16:53:46
' Paris.\nThe capital of'
' Paris.\nThe capital of'
' Paris.\nThe capital of'
' Paris.\nThe capital of'
' Paris.\nThe capital of'
' Paris.\nThe capital of'
' Paris.\nThe capital of'
' Paris.\nThe capital of'
distinct=1
=== round 16:55:02
' Paris.\nThe capital of'
' Paris.\nThe capital of'
' Paris.\nThe capital of'
' Paris.\nThe capital of'
' Paris.\nThe capital of'
' Paris.\nThe capital of'
' Paris.\nThe capital of'
' Paris.\nThe capital of'
distinct=1
=== round 16:58:22
' Paris.\nThe capital of'
' Paris.\nThe capital of'
' Paris.\nThe capital of'
' Paris.\nThe capital of'
' Paris.\nThe capital of'
' Paris.\nThe capital of'
' Paris.\nThe capital of'
' Paris.\nThe capital of'
distinct=1
=== round 17:00:29
' Paris.\nThe capital of'
' Paris.\nThe capital of'
' Paris.\nThe capital of'
' Paris.\nThe capital of'
' Paris.\nThe capital of'
' Paris.\nThe capital of'
' Paris.\nThe capital of'
' Paris.\nThe capital of'
distinct=1
=== round 17:02:27
' Paris.\nThe capital of'
' Paris.\nThe capital of'
' Paris.\nThe capital of'
' Paris.\nThe capital of'
' Paris.\nThe capital of'
' Paris.\nThe capital of'
' Paris.\nThe capital of'
' Paris.\nThe capital of'
distinct=1
=== round 17:03:17
' Paris.\nThe capital of'
' Paris.\nThe capital of'
' Paris.\nThe capital of'
' Paris.\nThe capital of'
' Paris.\nThe capital of'
' Paris.\nThe capital of'
' Paris.\nThe capital of'
' Paris.\nThe capital of'
distinct=1
=== round 17:04:05
' Paris.\nThe capital of'
' Paris.\nThe capital of'
' Paris.\nThe capital of'
' Paris.\nThe capital of'
' Paris.\nThe capital of'
' Paris.\nThe capital of'
' Paris.\nThe capital of'
' Paris.\nThe capital of'
distinct=1
=== round 17:05:41
' Paris.\nThe capital of'
' Paris.\nThe capital of'
' Paris.\nThe capital of'
' Paris.\nThe capital of'
' Paris.\nThe capital of'
' Paris.\nThe capital of'
' Paris.\nThe capital of'
' Paris.\nThe capital of'
distinct=1
=== round 17:06:30
' Paris.\nThe capital of'
' Paris.\nThe capital of'
' Paris.\nThe capital of'
' Paris.\nThe capital of'
' Paris.\nThe capital of'
' Paris.\nThe capital of'
' Paris.\nThe capital of'
' Paris.\nThe capital of'
distinct=1
=== round 17:07:19
' Paris.\nThe capital of'
' Paris.\nThe capital of'
' Paris.\nThe capital of'
' Paris.\nThe capital of'
' Paris.\nThe capital of'
' Paris.\nThe capital of'
' Paris.\nThe capital of'
' Paris.\nThe capital of'
distinct=1
=== round 17:09:09
' Paris.\nThe capital of'
' Paris.\nThe capital of'
' Paris.\nThe capital of'
' Paris.\nThe capital of'
' Paris.\nThe capital of'
' Paris.\nThe capital of'
' Paris.\nThe capital of'
' Paris.\nThe capital of'
distinct=1
=== round 17:11:07
' Paris.\nThe capital of'
' Paris.\nThe capital of'
' Paris.\nThe capital of'
' Paris.\nThe capital of'
' Paris.\nThe capital of'
' Paris.\nThe capital of'
' Paris.\nThe capital of'
' Paris.\nThe capital of'
distinct=1
=== round 17:11:56
' Paris.\nThe capital of'
' Paris.\nThe capital of'
' Paris.\nThe capital of'
' Paris.\nThe capital of'
' Paris.\nThe capital of'
' Paris.\nThe capital of'
' Paris.\nThe capital of'
' Paris.\nThe capital of'
distinct=1
=== round 17:12:52
' Paris.\nThe capital of'
' Paris.\nThe capital of'
' Paris.\nThe capital of'
' Paris.\nThe capital of'
' Paris.\nThe capital of'
' Paris.\nThe capital of'
' Paris.\nThe capital of'
' Paris.\nThe capital of'
distinct=1
=== round 17:17:08
' Paris.\nThe capital of'
' Paris.\nThe capital of'
' Paris.\nThe capital of'
' Paris.\nThe capital of'
' Paris.\nThe capital of'
' Paris.\nThe capital of'
' Paris.\nThe capital of'
' Paris.\nThe capital of'
distinct=1
=== round 17:19:00
' Paris.\nThe capital of'
' Paris.\nThe capital of'
' Paris.\nThe capital of'
' Paris.\nThe capital of'
' Paris.\nThe capital of'
' Paris.\nThe capital of'
' Paris.\nThe capital of'
' Paris.\nThe capital of'
distinct=1
=== round 17:21:27
' Paris.\nThe capital of'
' Paris.\nThe capital of'
' Paris.\nThe capital of'
' Paris.\nThe capital of'
' Paris.\nThe capital of'
' Paris.\nThe capital of'
' Paris.\nThe capital of'
' Paris.\nThe capital of'
distinct=1
=== round 17:22:29
' Paris.\nThe capital of'
' Paris.\nThe capital of'
' Paris.\nThe capital of'
' Paris.\nThe capital of'
' Paris.\nThe capital of'
' Paris.\nThe capital of'
' Paris.\nThe capital of'
' Paris.\nThe capital of'
distinct=1
=== round 17:23:18
' Paris.\nThe capital of'
' Paris.\nThe capital of'
' Paris.\nThe capital of'
' Paris.\nThe capital of'
' Paris.\nThe capital of'
' Paris.\nThe capital of'
' Paris.\nThe capital of'
' Paris.\nThe capital of'
distinct=1
=== round 17:25:14
' Paris.\nThe capital of'
' Paris.\nThe capital of'
' Paris.\nThe capital of'
' Paris.\nThe capital of'
' Paris.\nThe capital of'
' Paris.\nThe capital of'
' Paris.\nThe capital of'
' Paris.\nThe capital of'
distinct=1
=== round 17:26:03
' Paris.\nThe capital of'
' Paris.\nThe capital of'
' Paris.\nThe capital of'
' Paris.\nThe capital of'
' Paris.\nThe capital of'
' Paris.\nThe capital of'
' Paris.\nThe capital of'
' Paris.\nThe capital of'
distinct=1
=== round 17:26:52
' Paris.\nThe capital of'
' Paris.\nThe capital of'
' Paris.\nThe capital of'
' Paris.\nThe capital of'
' Paris.\nThe capital of'
' Paris.\nThe capital of'
' Paris.\nThe capital of'
' Paris.\nThe capital of'
distinct=1
=== round 17:28:25
' Paris.\nThe capital of'
' Paris.\nThe capital of'
' Paris.\nThe capital of'
' Paris.\nThe capital of'
' Paris.\nThe capital of'
' Paris.\nThe capital of'
' Paris.\nThe capital of'
' Paris.\nThe capital of'
distinct=1
=== round 17:29:33
' Paris.\nThe capital of'
' Paris.\nThe capital of'
' Paris.\nThe capital of'
' Paris.\nThe capital of'
' Paris.\nThe capital of'
' Paris.\nThe capital of'
' Paris.\nThe capital of'
' Paris.\nThe capital of'
distinct=1
=== round 17:30:23
' Paris.\nThe capital of'
' Paris.\nThe capital of'
' Paris.\nThe capital of'
' Paris.\nThe capital of'
' Paris.\nThe capital of'
' Paris.\nThe capital of'
' Paris.\nThe capital of'
' Paris.\nThe capital of'
distinct=1
=== round 17:31:12
' Paris.\nThe capital of'
' Paris.\nThe capital of'
' Paris.\nThe capital of'
' Paris.\nThe capital of'
' Paris.\nThe capital of'
' Paris.\nThe capital of'
' Paris.\nThe capital of'
' Paris.\nThe capital of'
distinct=1
=== round 17:32:02
' Paris.\nThe capital of'
' Paris.\nThe capital of'
' Paris.\nThe capital of'
' Paris.\nThe capital of'
' Paris.\nThe capital of'
' Paris.\nThe capital of'
' Paris.\nThe capital of'
' Paris.\nThe capital of'
distinct=1
=== round 17:36:47
' Paris.\nThe capital of'
' Paris.\nThe capital of'
' Paris.\nThe capital of'
' Paris.\nThe capital of'
' Paris.\nThe capital of'
' Paris.\nThe capital of'
' Paris.\nThe capital of'
' Paris.\nThe capital of'
distinct=1
=== round 17:39:02
' Paris.\nThe capital of'
' Paris.\nThe capital of'
' Paris.\nThe capital of'
' Paris.\nThe capital of'
' Paris.\nThe capital of'
' Paris.\nThe capital of'
' Paris.\nThe capital of'
' Paris.\nThe capital of'
distinct=1
=== round 17:40:05
' Paris.\nThe capital of'
' Paris.\nThe capital of'
' Paris.\nThe capital of'
' Paris.\nThe capital of'
' Paris.\nThe capital of'
' Paris.\nThe capital of'
' Paris.\nThe capital of'
' Paris.\nThe capital of'
distinct=1
=== round 17:40:54
' Paris.\nThe capital of'
' Paris.\nThe capital of'
' Paris.\nThe capital of'
' Paris.\nThe capital of'
' Paris.\nThe capital of'
' Paris.\nThe capital of'
' Paris.\nThe capital of'
' Paris.\nThe capital of'
distinct=1
=== round 17:43:18
' Paris.\nThe capital of'
' Paris.\nThe capital of'
' Paris.\nThe capital of'
' Paris.\nThe capital of'
' Paris.\nThe capital of'
' Paris.\nThe capital of'
' Paris.\nThe capital of'
' Paris.\nThe capital of'
distinct=1
=== round 17:44:06
' Paris.\nThe capital of'
' Paris.\nThe capital of'
' Paris.\nThe capital of'
' Paris.\nThe capital of'
' Paris.\nThe capital of'
' Paris.\nThe capital of'
' Paris.\nThe capital of'
' Paris.\nThe capital of'
distinct=1
=== round 17:44:55
' Paris.\nThe capital of'
' Paris.\nThe capital of'
' Paris.\nThe capital of'
' Paris.\nThe capital of'
' Paris.\nThe capital of'
' Paris.\nThe capital of'
' Paris.\nThe capital of'
' Paris.\nThe capital of'
distinct=1
=== round 17:46:30
' Paris.\nThe capital of'
' Paris.\nThe capital of'
' Paris.\nThe capital of'
' Paris.\nThe capital of'
' Paris.\nThe capital of'
' Paris.\nThe capital of'
' Paris.\nThe capital of'
' Paris.\nThe capital of'
distinct=1
=== round 17:47:50
' Paris.\nThe capital of'
' Paris.\nThe capital of'
' Paris.\nThe capital of'
' Paris.\nThe capital of'
' Paris.\nThe capital of'
' Paris.\nThe capital of'
' Paris.\nThe capital of'
' Paris.\nThe capital of'
distinct=1
=== round 17:48:39
ERR Expecting value: line 1 column 1 (char 0)
ERR 'choices'
ERR Expecting value: line 1 column 1 (char 0)
ERR Expecting value: line 1 column 1 (char 0)
ERR Expecting value: line 1 column 1 (char 0)
ERR Expecting value: line 1 column 1 (char 0)
ERR Expecting value: line 1 column 1 (char 0)
ERR Expecting value: line 1 column 1 (char 0)
distinct=2
*** P1_REPRO distinct=2 at 17:51:07 ***
=== round 17:51:52
ERR Expecting value: line 1 column 1 (char 0)
ERR Expecting value: line 1 column 1 (char 0)
ERR Expecting value: line 1 column 1 (char 0)
ERR Expecting value: line 1 column 1 (char 0)
ERR Expecting value: line 1 column 1 (char 0)
ERR Expecting value: line 1 column 1 (char 0)
ERR Expecting value: line 1 column 1 (char 0)
ERR Expecting value: line 1 column 1 (char 0)
distinct=1
=== round 17:52:38
ERR Expecting value: line 1 column 1 (char 0)
ERR Expecting value: line 1 column 1 (char 0)
ERR Expecting value: line 1 column 1 (char 0)
ERR Expecting value: line 1 column 1 (char 0)
ERR Expecting value: line 1 column 1 (char 0)
ERR Expecting value: line 1 column 1 (char 0)
ERR Expecting value: line 1 column 1 (char 0)
ERR Expecting value: line 1 column 1 (char 0)
distinct=1
=== round 17:53:23
ERR Expecting value: line 1 column 1 (char 0)
ERR Expecting value: line 1 column 1 (char 0)
ERR Expecting value: line 1 column 1 (char 0)
ERR Expecting value: line 1 column 1 (char 0)
ERR Expecting value: line 1 column 1 (char 0)
ERR Expecting value: line 1 column 1 (char 0)
ERR Expecting value: line 1 column 1 (char 0)
ERR Expecting value: line 1 column 1 (char 0)
distinct=1
=== round 17:54:08
ERR Expecting value: line 1 column 1 (char 0)
ERR Expecting value: line 1 column 1 (char 0)
ERR Expecting value: line 1 column 1 (char 0)
ERR Expecting value: line 1 column 1 (char 0)
ERR Expecting value: line 1 column 1 (char 0)
ERR Expecting value: line 1 column 1 (char 0)
ERR Expecting value: line 1 column 1 (char 0)
ERR Expecting value: line 1 column 1 (char 0)
distinct=1
=== round 17:54:54
ERR Expecting value: line 1 column 1 (char 0)
ERR Expecting value: line 1 column 1 (char 0)
ERR Expecting value: line 1 column 1 (char 0)
ERR Expecting value: line 1 column 1 (char 0)
ERR Expecting value: line 1 column 1 (char 0)
ERR Expecting value: line 1 column 1 (char 0)
ERR Expecting value: line 1 column 1 (char 0)
ERR Expecting value: line 1 column 1 (char 0)
distinct=1
=== round 17:55:39
ERR Expecting value: line 1 column 1 (char 0)
ERR Expecting value: line 1 column 1 (char 0)
ERR Expecting value: line 1 column 1 (char 0)
ERR Expecting value: line 1 column 1 (char 0)
ERR Expecting value: line 1 column 1 (char 0)
ERR Expecting value: line 1 column 1 (char 0)
ERR Expecting value: line 1 column 1 (char 0)
ERR Expecting value: line 1 column 1 (char 0)
distinct=1
=== round 17:56:24
ERR Expecting value: line 1 column 1 (char 0)
ERR Expecting value: line 1 column 1 (char 0)
ERR Expecting value: line 1 column 1 (char 0)
ERR Expecting value: line 1 column 1 (char 0)
ERR Expecting value: line 1 column 1 (char 0)
ERR Expecting value: line 1 column 1 (char 0)
ERR Expecting value: line 1 column 1 (char 0)
ERR Expecting value: line 1 column 1 (char 0)
distinct=1
=== round 17:57:10
ERR Expecting value: line 1 column 1 (char 0)
ERR Expecting value: line 1 column 1 (char 0)
ERR Expecting value: line 1 column 1 (char 0)
ERR Expecting value: line 1 column 1 (char 0)
ERR Expecting value: line 1 column 1 (char 0)
ERR Expecting value: line 1 column 1 (char 0)
ERR Expecting value: line 1 column 1 (char 0)
ERR Expecting value: line 1 column 1 (char 0)
distinct=1
=== round 17:57:55
ERR Expecting value: line 1 column 1 (char 0)
ERR Expecting value: line 1 column 1 (char 0)
ERR Expecting value: line 1 column 1 (char 0)
ERR Expecting value: line 1 column 1 (char 0)
ERR Expecting value: line 1 column 1 (char 0)
ERR Expecting value: line 1 column 1 (char 0)
ERR Expecting value: line 1 column 1 (char 0)
ERR Expecting value: line 1 column 1 (char 0)
distinct=1
=== round 17:58:40
ERR Expecting value: line 1 column 1 (char 0)
ERR Expecting value: line 1 column 1 (char 0)
ERR Expecting value: line 1 column 1 (char 0)
ERR Expecting value: line 1 column 1 (char 0)
ERR Expecting value: line 1 column 1 (char 0)
ERR Expecting value: line 1 column 1 (char 0)
ERR Expecting value: line 1 column 1 (char 0)
ERR Expecting value: line 1 column 1 (char 0)
distinct=1
=== round 17:59:26
ERR Expecting value: line 1 column 1 (char 0)
ERR Expecting value: line 1 column 1 (char 0)
ERR Expecting value: line 1 column 1 (char 0)
ERR Expecting value: line 1 column 1 (char 0)
ERR Expecting value: line 1 column 1 (char 0)
ERR Expecting value: line 1 column 1 (char 0)
ERR Expecting value: line 1 column 1 (char 0)
ERR Expecting value: line 1 column 1 (char 0)
distinct=1
